W0320 15:33:58.476000 292264 torch/distributed/run.py:803] 
W0320 15:33:58.476000 292264 torch/distributed/run.py:803] *****************************************
W0320 15:33:58.476000 292264 torch/distributed/run.py:803] Setting OMP_NUM_THREADS environment variable for each process to be 1 in default, to avoid your system being overloaded, please further tune the variable for optimal performance in your application as needed. 
W0320 15:33:58.476000 292264 torch/distributed/run.py:803] *****************************************
logs/28e3953b-082e-448c-82c5-570933f52ef0.txt
val_bpb:enabled tokenizer_kind=sentencepiece tokenizer_path=./data/tokenizers/fineweb_1024_bpe.model
train_loader:dataset:fineweb10B_sp1024 train_shards:80
val_loader:shards pattern=./data/datasets/fineweb10B_sp1024/fineweb_val_*.bin tokens:62021632
model_params:26829913
world_size:8 grad_accum_steps:1
sdp_backends:cudnn=False flash=True mem_efficient=False math=False
attention_mode:gqa num_heads:8 num_kv_heads:4
tie_embeddings:True embed_lr:0.035 head_lr:0.0 matrix_lr:0.025 scalar_lr:0.025
train_batch_tokens:524288 train_seq_len:2048 iterations:20000 warmup_steps:20 max_wallclock_seconds:600.000
seed:1337
warmup_step:1/20
warmup_step:2/20
warmup_step:3/20
warmup_step:4/20
warmup_step:5/20
warmup_step:6/20
warmup_step:7/20
warmup_step:8/20
warmup_step:9/20
warmup_step:10/20
warmup_step:11/20
warmup_step:12/20
warmup_step:13/20
warmup_step:14/20
warmup_step:15/20
warmup_step:16/20
warmup_step:17/20
warmup_step:18/20
warmup_step:19/20
warmup_step:20/20
step:0/20000 val_loss:6.9303 val_bpb:4.1045 train_time:0ms step_avg:0.01ms
step:1/20000 train_loss:6.9315 train_time:123ms step_avg:122.84ms
step:2/20000 train_loss:8.6361 train_time:204ms step_avg:102.20ms
step:3/20000 train_loss:7.8459 train_time:275ms step_avg:91.69ms
step:4/20000 train_loss:7.3983 train_time:346ms step_avg:86.55ms
step:5/20000 train_loss:7.0356 train_time:419ms step_avg:83.75ms
step:6/20000 train_loss:7.9153 train_time:490ms step_avg:81.69ms
step:7/20000 train_loss:6.9204 train_time:562ms step_avg:80.28ms
step:8/20000 train_loss:6.7479 train_time:634ms step_avg:79.28ms
step:9/20000 train_loss:6.4232 train_time:706ms step_avg:78.43ms
step:10/20000 train_loss:6.2274 train_time:778ms step_avg:77.78ms
step:200/20000 train_loss:2.7655 train_time:13444ms step_avg:67.22ms
step:400/20000 train_loss:2.2582 train_time:26803ms step_avg:67.01ms
step:600/20000 train_loss:2.4658 train_time:40190ms step_avg:66.98ms
step:800/20000 train_loss:2.2246 train_time:53602ms step_avg:67.00ms
step:1000/20000 train_loss:2.3230 train_time:67040ms step_avg:67.04ms
step:1000/20000 val_loss:2.2736 val_bpb:1.3465 train_time:67063ms step_avg:67.06ms
step:1200/20000 train_loss:2.3461 train_time:80463ms step_avg:67.05ms
step:1400/20000 train_loss:2.3772 train_time:93904ms step_avg:67.07ms
step:1600/20000 train_loss:2.0479 train_time:107342ms step_avg:67.09ms
step:1800/20000 train_loss:2.1517 train_time:120798ms step_avg:67.11ms
step:2000/20000 train_loss:2.1948 train_time:134253ms step_avg:67.13ms
step:2000/20000 val_loss:2.1750 val_bpb:1.2881 train_time:134276ms step_avg:67.14ms
step:2200/20000 train_loss:2.0140 train_time:147697ms step_avg:67.14ms
step:2400/20000 train_loss:2.1380 train_time:161156ms step_avg:67.15ms
step:2600/20000 train_loss:2.3713 train_time:174619ms step_avg:67.16ms
step:2800/20000 train_loss:2.1850 train_time:188069ms step_avg:67.17ms
step:3000/20000 train_loss:2.1686 train_time:201514ms step_avg:67.17ms
step:3000/20000 val_loss:2.1372 val_bpb:1.2658 train_time:201537ms step_avg:67.18ms
step:3200/20000 train_loss:2.1351 train_time:214965ms step_avg:67.18ms
step:3400/20000 train_loss:2.1084 train_time:228417ms step_avg:67.18ms
step:3600/20000 train_loss:2.0581 train_time:241868ms step_avg:67.19ms
step:3800/20000 train_loss:2.1580 train_time:255302ms step_avg:67.18ms
step:4000/20000 train_loss:2.1290 train_time:268723ms step_avg:67.18ms
step:4000/20000 val_loss:2.1182 val_bpb:1.2545 train_time:268746ms step_avg:67.19ms
step:4200/20000 train_loss:2.1209 train_time:282257ms step_avg:67.20ms
step:4400/20000 train_loss:2.0632 train_time:295688ms step_avg:67.20ms
step:4600/20000 train_loss:1.9236 train_time:309125ms step_avg:67.20ms
step:4800/20000 train_loss:2.2105 train_time:322554ms step_avg:67.20ms
step:5000/20000 train_loss:1.9726 train_time:335985ms step_avg:67.20ms
step:5000/20000 val_loss:2.1095 val_bpb:1.2494 train_time:336007ms step_avg:67.20ms
step:5200/20000 train_loss:2.1363 train_time:349411ms step_avg:67.19ms
step:5400/20000 train_loss:2.1497 train_time:362824ms step_avg:67.19ms
step:5600/20000 train_loss:2.1393 train_time:376246ms step_avg:67.19ms
step:5800/20000 train_loss:2.0977 train_time:389666ms step_avg:67.18ms
step:6000/20000 train_loss:2.1789 train_time:403050ms step_avg:67.18ms
step:6000/20000 val_loss:2.1048 val_bpb:1.2466 train_time:403072ms step_avg:67.18ms
step:6200/20000 train_loss:2.0448 train_time:416466ms step_avg:67.17ms
step:6400/20000 train_loss:2.1182 train_time:429888ms step_avg:67.17ms
step:6600/20000 train_loss:2.0607 train_time:443315ms step_avg:67.17ms
step:6800/20000 train_loss:2.1199 train_time:456718ms step_avg:67.16ms
step:7000/20000 train_loss:2.1569 train_time:470104ms step_avg:67.16ms
step:7000/20000 val_loss:2.0588 val_bpb:1.2193 train_time:470127ms step_avg:67.16ms
step:7200/20000 train_loss:2.1230 train_time:483493ms step_avg:67.15ms
step:7400/20000 train_loss:2.0362 train_time:496891ms step_avg:67.15ms
step:7600/20000 train_loss:1.9032 train_time:510332ms step_avg:67.15ms
step:7800/20000 train_loss:2.0433 train_time:523777ms step_avg:67.15ms
step:8000/20000 train_loss:2.0000 train_time:537223ms step_avg:67.15ms
step:8000/20000 val_loss:2.0053 val_bpb:1.1876 train_time:537245ms step_avg:67.16ms
step:8200/20000 train_loss:2.0705 train_time:550679ms step_avg:67.16ms
step:8400/20000 train_loss:1.9972 train_time:564235ms step_avg:67.17ms
step:8600/20000 train_loss:1.9974 train_time:577819ms step_avg:67.19ms
step:8800/20000 train_loss:1.9424 train_time:591406ms step_avg:67.21ms
step:8926/20000 val_loss:1.9477 val_bpb:1.1535 train_time:599962ms step_avg:67.22ms
stopping_early: wallclock_cap train_time:599962ms step:8926/20000
peak memory allocated: 13958 MiB reserved: 14100 MiB
swa: averaging 8 checkpoints
Serialized model: 105789375 bytes
Code size: 60035 bytes
Total submission size: 105849410 bytes
Serialized model int8+zlib: 15589994 bytes (payload:27840868 raw_torch:27896469 payload_ratio:3.80x)
Total submission size int8+zlib: 15650029 bytes
final_int8_zlib_roundtrip val_loss:1.9650 val_bpb:1.1638 eval_time:2111ms eval_seq_len:2048
final_int8_zlib_roundtrip_exact val_loss:1.96495125 val_bpb:1.16375481
final_sliding_window val_loss:1.9275 val_bpb:1.1416 eval_time:186456ms stride:64 seq_len:2048
final_sliding_window_exact val_loss:1.92746456 val_bpb:1.14155610
