W0320 13:08:35.788000 221802 torch/distributed/run.py:803] 
W0320 13:08:35.788000 221802 torch/distributed/run.py:803] *****************************************
W0320 13:08:35.788000 221802 torch/distributed/run.py:803] Setting OMP_NUM_THREADS environment variable for each process to be 1 in default, to avoid your system being overloaded, please further tune the variable for optimal performance in your application as needed. 
W0320 13:08:35.788000 221802 torch/distributed/run.py:803] *****************************************
logs/93463dc6-11d2-409f-a754-7e6e17778bd2.txt
val_bpb:enabled tokenizer_kind=sentencepiece tokenizer_path=./data/tokenizers/fineweb_1024_bpe.model
train_loader:dataset:fineweb10B_sp1024 train_shards:80
val_loader:shards pattern=./data/datasets/fineweb10B_sp1024/fineweb_val_*.bin tokens:62021632
model_params:25650265
world_size:8 grad_accum_steps:1
sdp_backends:cudnn=False flash=True mem_efficient=False math=False
attention_mode:gqa num_heads:8 num_kv_heads:4
tie_embeddings:True embed_lr:0.03 head_lr:0.0 matrix_lr:0.02 scalar_lr:0.02
train_batch_tokens:524288 train_seq_len:2048 iterations:20000 warmup_steps:20 max_wallclock_seconds:600.000
seed:1338
warmup_step:1/20
warmup_step:2/20
warmup_step:3/20
warmup_step:4/20
warmup_step:5/20
warmup_step:6/20
warmup_step:7/20
warmup_step:8/20
warmup_step:9/20
warmup_step:10/20
warmup_step:11/20
warmup_step:12/20
warmup_step:13/20
warmup_step:14/20
warmup_step:15/20
warmup_step:16/20
warmup_step:17/20
warmup_step:18/20
warmup_step:19/20
warmup_step:20/20
step:0/20000 val_loss:6.9282 val_bpb:4.1033 train_time:0ms step_avg:0.02ms
step:1/20000 train_loss:6.9296 train_time:122ms step_avg:121.51ms
step:2/20000 train_loss:7.9123 train_time:182ms step_avg:90.92ms
step:3/20000 train_loss:7.3970 train_time:251ms step_avg:83.83ms
step:4/20000 train_loss:7.0046 train_time:322ms step_avg:80.52ms
step:5/20000 train_loss:6.7833 train_time:392ms step_avg:78.33ms
step:6/20000 train_loss:7.6815 train_time:463ms step_avg:77.14ms
step:7/20000 train_loss:6.7197 train_time:533ms step_avg:76.16ms
step:8/20000 train_loss:6.5401 train_time:603ms step_avg:75.37ms
step:9/20000 train_loss:6.3926 train_time:673ms step_avg:74.80ms
step:10/20000 train_loss:6.1814 train_time:743ms step_avg:74.29ms
step:200/20000 train_loss:2.7612 train_time:13243ms step_avg:66.22ms
step:400/20000 train_loss:2.2690 train_time:26449ms step_avg:66.12ms
step:600/20000 train_loss:2.4669 train_time:39666ms step_avg:66.11ms
step:800/20000 train_loss:2.2195 train_time:52885ms step_avg:66.11ms
step:1000/20000 train_loss:2.3152 train_time:66096ms step_avg:66.10ms
step:1000/20000 val_loss:2.2685 val_bpb:1.3435 train_time:66116ms step_avg:66.12ms
step:1200/20000 train_loss:2.3356 train_time:79303ms step_avg:66.09ms
step:1400/20000 train_loss:2.3715 train_time:92521ms step_avg:66.09ms
step:1600/20000 train_loss:2.0431 train_time:105731ms step_avg:66.08ms
step:1800/20000 train_loss:2.1409 train_time:118951ms step_avg:66.08ms
step:2000/20000 train_loss:2.1833 train_time:132212ms step_avg:66.11ms
step:2000/20000 val_loss:2.1665 val_bpb:1.2831 train_time:132232ms step_avg:66.12ms
step:2200/20000 train_loss:2.0009 train_time:145487ms step_avg:66.13ms
step:2400/20000 train_loss:2.1259 train_time:158767ms step_avg:66.15ms
step:2600/20000 train_loss:2.3500 train_time:172051ms step_avg:66.17ms
step:2800/20000 train_loss:2.1615 train_time:185338ms step_avg:66.19ms
step:3000/20000 train_loss:2.1533 train_time:198614ms step_avg:66.20ms
step:3000/20000 val_loss:2.1162 val_bpb:1.2533 train_time:198635ms step_avg:66.21ms
step:3200/20000 train_loss:2.1131 train_time:211878ms step_avg:66.21ms
step:3400/20000 train_loss:2.0881 train_time:225147ms step_avg:66.22ms
step:3600/20000 train_loss:2.0229 train_time:238401ms step_avg:66.22ms
step:3800/20000 train_loss:2.1342 train_time:251657ms step_avg:66.23ms
step:4000/20000 train_loss:2.1055 train_time:264917ms step_avg:66.23ms
step:4000/20000 val_loss:2.0951 val_bpb:1.2408 train_time:264939ms step_avg:66.23ms
step:4200/20000 train_loss:2.0992 train_time:278286ms step_avg:66.26ms
step:4400/20000 train_loss:2.0340 train_time:291522ms step_avg:66.26ms
step:4600/20000 train_loss:1.8991 train_time:304757ms step_avg:66.25ms
step:4800/20000 train_loss:2.1875 train_time:317992ms step_avg:66.25ms
step:5000/20000 train_loss:1.9451 train_time:331230ms step_avg:66.25ms
step:5000/20000 val_loss:2.0826 val_bpb:1.2334 train_time:331249ms step_avg:66.25ms
step:5200/20000 train_loss:2.1094 train_time:344434ms step_avg:66.24ms
step:5400/20000 train_loss:2.1231 train_time:357629ms step_avg:66.23ms
step:5600/20000 train_loss:2.1086 train_time:370829ms step_avg:66.22ms
step:5800/20000 train_loss:2.0699 train_time:384042ms step_avg:66.21ms
step:6000/20000 train_loss:2.1531 train_time:397273ms step_avg:66.21ms
step:6000/20000 val_loss:2.0791 val_bpb:1.2313 train_time:397292ms step_avg:66.22ms
step:6200/20000 train_loss:2.0231 train_time:410466ms step_avg:66.20ms
step:6400/20000 train_loss:2.0958 train_time:423655ms step_avg:66.20ms
step:6600/20000 train_loss:2.0466 train_time:436857ms step_avg:66.19ms
step:6800/20000 train_loss:2.1045 train_time:450054ms step_avg:66.18ms
step:7000/20000 train_loss:2.1384 train_time:463260ms step_avg:66.18ms
step:7000/20000 val_loss:2.0418 val_bpb:1.2093 train_time:463281ms step_avg:66.18ms
step:7200/20000 train_loss:2.1018 train_time:476470ms step_avg:66.18ms
step:7400/20000 train_loss:2.0208 train_time:489674ms step_avg:66.17ms
step:7600/20000 train_loss:1.8896 train_time:502879ms step_avg:66.17ms
step:7800/20000 train_loss:2.0318 train_time:516338ms step_avg:66.20ms
step:8000/20000 train_loss:1.9940 train_time:529673ms step_avg:66.21ms
step:8000/20000 val_loss:1.9980 val_bpb:1.1833 train_time:529692ms step_avg:66.21ms
step:8200/20000 train_loss:2.0579 train_time:543032ms step_avg:66.22ms
step:8400/20000 train_loss:1.9952 train_time:556489ms step_avg:66.25ms
step:8600/20000 train_loss:2.0021 train_time:569874ms step_avg:66.26ms
step:8800/20000 train_loss:1.9445 train_time:583283ms step_avg:66.28ms
step:9000/20000 train_loss:1.8608 train_time:596663ms step_avg:66.30ms
step:9000/20000 val_loss:1.9500 val_bpb:1.1549 train_time:596684ms step_avg:66.30ms
step:9050/20000 val_loss:1.9491 val_bpb:1.1544 train_time:599996ms step_avg:66.30ms
stopping_early: wallclock_cap train_time:599996ms step:9050/20000
peak memory allocated: 13593 MiB reserved: 13744 MiB
swa: averaging 29 checkpoints
Serialized model: 100546495 bytes
Code size: 59716 bytes
Total submission size: 100606211 bytes
Serialized model int8+zlib: 15625055 bytes (payload:26662500 raw_torch:26718101 payload_ratio:3.77x)
Total submission size int8+zlib: 15684771 bytes
final_int8_zlib_roundtrip val_loss:1.9646 val_bpb:1.1636 eval_time:2068ms eval_seq_len:2048
final_int8_zlib_roundtrip_exact val_loss:1.96464737 val_bpb:1.16357484
final_sliding_window val_loss:1.9271 val_bpb:1.1413 eval_time:182440ms stride:64 seq_len:2048
final_sliding_window_exact val_loss:1.92705633 val_bpb:1.14131432
