W0320 13:40:55.195000 233280 torch/distributed/run.py:803] 
W0320 13:40:55.195000 233280 torch/distributed/run.py:803] *****************************************
W0320 13:40:55.195000 233280 torch/distributed/run.py:803] Setting OMP_NUM_THREADS environment variable for each process to be 1 in default, to avoid your system being overloaded, please further tune the variable for optimal performance in your application as needed. 
W0320 13:40:55.195000 233280 torch/distributed/run.py:803] *****************************************
logs/02f498eb-00b2-4c6e-b06c-f99b4580066c.txt
val_bpb:enabled tokenizer_kind=sentencepiece tokenizer_path=./data/tokenizers/fineweb_1024_bpe.model
train_loader:dataset:fineweb10B_sp1024 train_shards:80
val_loader:shards pattern=./data/datasets/fineweb10B_sp1024/fineweb_val_*.bin tokens:62021632
model_params:25650265
world_size:8 grad_accum_steps:1
sdp_backends:cudnn=False flash=True mem_efficient=False math=False
attention_mode:gqa num_heads:8 num_kv_heads:4
tie_embeddings:True embed_lr:0.03 head_lr:0.0 matrix_lr:0.02 scalar_lr:0.02
train_batch_tokens:524288 train_seq_len:2048 iterations:20000 warmup_steps:20 max_wallclock_seconds:600.000
seed:1339
warmup_step:1/20
warmup_step:2/20
warmup_step:3/20
warmup_step:4/20
warmup_step:5/20
warmup_step:6/20
warmup_step:7/20
warmup_step:8/20
warmup_step:9/20
warmup_step:10/20
warmup_step:11/20
warmup_step:12/20
warmup_step:13/20
warmup_step:14/20
warmup_step:15/20
warmup_step:16/20
warmup_step:17/20
warmup_step:18/20
warmup_step:19/20
warmup_step:20/20
step:0/20000 val_loss:6.9313 val_bpb:4.1051 train_time:0ms step_avg:0.01ms
step:1/20000 train_loss:6.9326 train_time:119ms step_avg:118.56ms
step:2/20000 train_loss:8.0038 train_time:180ms step_avg:90.04ms
step:3/20000 train_loss:7.4585 train_time:250ms step_avg:83.44ms
step:4/20000 train_loss:7.0033 train_time:320ms step_avg:80.10ms
step:5/20000 train_loss:6.7596 train_time:391ms step_avg:78.24ms
step:6/20000 train_loss:7.7231 train_time:463ms step_avg:77.15ms
step:7/20000 train_loss:6.7823 train_time:533ms step_avg:76.18ms
step:8/20000 train_loss:6.5540 train_time:604ms step_avg:75.54ms
step:9/20000 train_loss:6.3236 train_time:676ms step_avg:75.07ms
step:10/20000 train_loss:6.1369 train_time:747ms step_avg:74.68ms
step:200/20000 train_loss:2.7670 train_time:13198ms step_avg:65.99ms
step:400/20000 train_loss:2.2609 train_time:26346ms step_avg:65.86ms
step:600/20000 train_loss:2.4687 train_time:39510ms step_avg:65.85ms
step:800/20000 train_loss:2.2143 train_time:52703ms step_avg:65.88ms
step:1000/20000 train_loss:2.3166 train_time:65922ms step_avg:65.92ms
step:1000/20000 val_loss:2.2670 val_bpb:1.3426 train_time:65942ms step_avg:65.94ms
step:1200/20000 train_loss:2.3408 train_time:79117ms step_avg:65.93ms
step:1400/20000 train_loss:2.3729 train_time:92331ms step_avg:65.95ms
step:1600/20000 train_loss:2.0389 train_time:105546ms step_avg:65.97ms
step:1800/20000 train_loss:2.1433 train_time:118758ms step_avg:65.98ms
step:2000/20000 train_loss:2.1804 train_time:131962ms step_avg:65.98ms
step:2000/20000 val_loss:2.1676 val_bpb:1.2838 train_time:131982ms step_avg:65.99ms
step:2200/20000 train_loss:2.0000 train_time:145180ms step_avg:65.99ms
step:2400/20000 train_loss:2.1254 train_time:158404ms step_avg:66.00ms
step:2600/20000 train_loss:2.3473 train_time:171615ms step_avg:66.01ms
step:2800/20000 train_loss:2.1624 train_time:184826ms step_avg:66.01ms
step:3000/20000 train_loss:2.1505 train_time:198049ms step_avg:66.02ms
step:3000/20000 val_loss:2.1182 val_bpb:1.2545 train_time:198069ms step_avg:66.02ms
step:3200/20000 train_loss:2.1127 train_time:211259ms step_avg:66.02ms
step:3400/20000 train_loss:2.0877 train_time:224466ms step_avg:66.02ms
step:3600/20000 train_loss:2.0332 train_time:237680ms step_avg:66.02ms
step:3800/20000 train_loss:2.1383 train_time:250893ms step_avg:66.02ms
step:4000/20000 train_loss:2.1072 train_time:264098ms step_avg:66.02ms
step:4000/20000 val_loss:2.0972 val_bpb:1.2421 train_time:264117ms step_avg:66.03ms
step:4200/20000 train_loss:2.1002 train_time:277428ms step_avg:66.05ms
step:4400/20000 train_loss:2.0358 train_time:290665ms step_avg:66.06ms
step:4600/20000 train_loss:1.9019 train_time:303902ms step_avg:66.07ms
step:4800/20000 train_loss:2.1892 train_time:317140ms step_avg:66.07ms
step:5000/20000 train_loss:1.9489 train_time:330366ms step_avg:66.07ms
step:5000/20000 val_loss:2.0854 val_bpb:1.2351 train_time:330387ms step_avg:66.08ms
step:5200/20000 train_loss:2.1095 train_time:343575ms step_avg:66.07ms
step:5400/20000 train_loss:2.1212 train_time:356786ms step_avg:66.07ms
step:5600/20000 train_loss:2.1139 train_time:370007ms step_avg:66.07ms
step:5800/20000 train_loss:2.0770 train_time:383235ms step_avg:66.07ms
step:6000/20000 train_loss:2.1531 train_time:396468ms step_avg:66.08ms
step:6000/20000 val_loss:2.0807 val_bpb:1.2323 train_time:396488ms step_avg:66.08ms
step:6200/20000 train_loss:2.0247 train_time:409683ms step_avg:66.08ms
step:6400/20000 train_loss:2.0947 train_time:422892ms step_avg:66.08ms
step:6600/20000 train_loss:2.0434 train_time:436099ms step_avg:66.08ms
step:6800/20000 train_loss:2.1037 train_time:449316ms step_avg:66.08ms
step:7000/20000 train_loss:2.1430 train_time:462529ms step_avg:66.08ms
step:7000/20000 val_loss:2.0445 val_bpb:1.2109 train_time:462550ms step_avg:66.08ms
step:7200/20000 train_loss:2.1079 train_time:475739ms step_avg:66.07ms
step:7400/20000 train_loss:2.0256 train_time:488947ms step_avg:66.07ms
step:7600/20000 train_loss:1.8931 train_time:502149ms step_avg:66.07ms
step:7800/20000 train_loss:2.0372 train_time:515574ms step_avg:66.10ms
step:8000/20000 train_loss:2.0031 train_time:528954ms step_avg:66.12ms
step:8000/20000 val_loss:2.0007 val_bpb:1.1849 train_time:528974ms step_avg:66.12ms
step:8200/20000 train_loss:2.0634 train_time:542316ms step_avg:66.14ms
step:8400/20000 train_loss:1.9979 train_time:555799ms step_avg:66.17ms
step:8600/20000 train_loss:2.0008 train_time:569280ms step_avg:66.20ms
step:8800/20000 train_loss:1.9497 train_time:582645ms step_avg:66.21ms
step:9000/20000 train_loss:1.8650 train_time:596027ms step_avg:66.23ms
step:9000/20000 val_loss:1.9519 val_bpb:1.1560 train_time:596046ms step_avg:66.23ms
step:9058/20000 val_loss:1.9508 val_bpb:1.1554 train_time:599942ms step_avg:66.23ms
stopping_early: wallclock_cap train_time:599942ms step:9058/20000
peak memory allocated: 13593 MiB reserved: 13744 MiB
swa: averaging 30 checkpoints
Serialized model: 100546495 bytes
Code size: 59716 bytes
Total submission size: 100606211 bytes
Serialized model int8+zlib: 15491575 bytes (payload:26662500 raw_torch:26718101 payload_ratio:3.77x)
Total submission size int8+zlib: 15551291 bytes
final_int8_zlib_roundtrip val_loss:1.9661 val_bpb:1.1644 eval_time:2056ms eval_seq_len:2048
final_int8_zlib_roundtrip_exact val_loss:1.96605282 val_bpb:1.16440722
final_sliding_window val_loss:1.9289 val_bpb:1.1424 eval_time:182046ms stride:64 seq_len:2048
final_sliding_window_exact val_loss:1.92890100 val_bpb:1.14240685
