W0321 06:42:27.086000 421314 torch/distributed/run.py:803] 
W0321 06:42:27.086000 421314 torch/distributed/run.py:803] *****************************************
W0321 06:42:27.086000 421314 torch/distributed/run.py:803] Setting OMP_NUM_THREADS environment variable for each process to be 1 in default, to avoid your system being overloaded, please further tune the variable for optimal performance in your application as needed. 
W0321 06:42:27.086000 421314 torch/distributed/run.py:803] *****************************************
logs/264ac5f4-0ac4-469e-8e6d-53495b9b1239.txt
val_bpb:enabled tokenizer_kind=sentencepiece tokenizer_path=./data/tokenizers/fineweb_1024_bpe.model
train_loader:dataset:fineweb10B_sp1024 train_shards:80
val_loader:shards pattern=./data/datasets/fineweb10B_sp1024/fineweb_val_*.bin tokens:62021632
model_params:26829913
world_size:8 grad_accum_steps:1
sdp_backends:cudnn=False flash=True mem_efficient=False math=False
attention_mode:gqa num_heads:8 num_kv_heads:4
tie_embeddings:True embed_lr:0.035 head_lr:0.0 matrix_lr:0.025 scalar_lr:0.025
train_batch_tokens:524288 train_seq_len:2048 iterations:20000 warmup_steps:20 max_wallclock_seconds:600.000
seed:1338
warmup_step:1/20
warmup_step:2/20
warmup_step:3/20
warmup_step:4/20
warmup_step:5/20
warmup_step:6/20
warmup_step:7/20
warmup_step:8/20
warmup_step:9/20
warmup_step:10/20
warmup_step:11/20
warmup_step:12/20
warmup_step:13/20
warmup_step:14/20
warmup_step:15/20
warmup_step:16/20
warmup_step:17/20
warmup_step:18/20
warmup_step:19/20
warmup_step:20/20
step:0/20000 val_loss:6.9292 val_bpb:4.1038 train_time:0ms step_avg:0.02ms
step:1/20000 train_loss:6.9299 train_time:126ms step_avg:126.48ms
step:2/20000 train_loss:8.5876 train_time:196ms step_avg:97.92ms
step:3/20000 train_loss:7.7827 train_time:271ms step_avg:90.29ms
step:4/20000 train_loss:7.3471 train_time:345ms step_avg:86.26ms
step:5/20000 train_loss:6.8994 train_time:420ms step_avg:83.95ms
step:6/20000 train_loss:7.7851 train_time:494ms step_avg:82.39ms
step:7/20000 train_loss:6.9405 train_time:569ms step_avg:81.30ms
step:8/20000 train_loss:6.7670 train_time:643ms step_avg:80.33ms
step:9/20000 train_loss:6.5936 train_time:717ms step_avg:79.63ms
step:10/20000 train_loss:6.3456 train_time:790ms step_avg:79.00ms
step:200/20000 train_loss:2.7556 train_time:13810ms step_avg:69.05ms
step:400/20000 train_loss:2.2511 train_time:27561ms step_avg:68.90ms
step:600/20000 train_loss:2.4517 train_time:41364ms step_avg:68.94ms
step:800/20000 train_loss:2.2075 train_time:55189ms step_avg:68.99ms
step:1000/20000 train_loss:2.3076 train_time:68995ms step_avg:68.99ms
step:1000/20000 val_loss:2.2580 val_bpb:1.3373 train_time:69008ms step_avg:69.01ms
step:1200/20000 train_loss:2.3320 train_time:82796ms step_avg:69.00ms
step:1400/20000 train_loss:2.3698 train_time:96579ms step_avg:68.99ms
step:1600/20000 train_loss:2.0413 train_time:110378ms step_avg:68.99ms
step:1800/20000 train_loss:2.1417 train_time:124178ms step_avg:68.99ms
step:2000/20000 train_loss:2.1850 train_time:137974ms step_avg:68.99ms
step:2000/20000 val_loss:2.1663 val_bpb:1.2830 train_time:137986ms step_avg:68.99ms
step:2200/20000 train_loss:2.0001 train_time:151769ms step_avg:68.99ms
step:2400/20000 train_loss:2.1297 train_time:165572ms step_avg:68.99ms
step:2600/20000 train_loss:2.3586 train_time:179383ms step_avg:68.99ms
step:2800/20000 train_loss:2.1694 train_time:193228ms step_avg:69.01ms
step:3000/20000 train_loss:2.1641 train_time:207067ms step_avg:69.02ms
step:3000/20000 val_loss:2.1255 val_bpb:1.2589 train_time:207079ms step_avg:69.03ms
step:3200/20000 train_loss:2.1246 train_time:220905ms step_avg:69.03ms
step:3400/20000 train_loss:2.0980 train_time:234744ms step_avg:69.04ms
step:3600/20000 train_loss:2.0381 train_time:248582ms step_avg:69.05ms
step:3800/20000 train_loss:2.1493 train_time:262412ms step_avg:69.06ms
step:4000/20000 train_loss:2.1181 train_time:276244ms step_avg:69.06ms
step:4000/20000 val_loss:2.1084 val_bpb:1.2487 train_time:276256ms step_avg:69.06ms
step:4200/20000 train_loss:2.1117 train_time:290167ms step_avg:69.09ms
step:4400/20000 train_loss:2.0504 train_time:303998ms step_avg:69.09ms
step:4600/20000 train_loss:1.9104 train_time:317849ms step_avg:69.10ms
step:4800/20000 train_loss:2.2031 train_time:331711ms step_avg:69.11ms
step:5000/20000 train_loss:1.9585 train_time:345548ms step_avg:69.11ms
step:5000/20000 val_loss:2.0979 val_bpb:1.2425 train_time:345561ms step_avg:69.11ms
step:5200/20000 train_loss:2.1221 train_time:359365ms step_avg:69.11ms
step:5400/20000 train_loss:2.1439 train_time:373203ms step_avg:69.11ms
step:5600/20000 train_loss:2.1320 train_time:387028ms step_avg:69.11ms
step:5800/20000 train_loss:2.0844 train_time:400857ms step_avg:69.11ms
step:6000/20000 train_loss:2.1607 train_time:414688ms step_avg:69.11ms
step:6000/20000 val_loss:2.0858 val_bpb:1.2353 train_time:414700ms step_avg:69.12ms
step:6200/20000 train_loss:2.0255 train_time:428531ms step_avg:69.12ms
step:6400/20000 train_loss:2.0933 train_time:442365ms step_avg:69.12ms
step:6600/20000 train_loss:2.0474 train_time:456198ms step_avg:69.12ms
step:6800/20000 train_loss:2.1008 train_time:470046ms step_avg:69.12ms
step:7000/20000 train_loss:2.1385 train_time:483885ms step_avg:69.13ms
step:7000/20000 val_loss:2.0391 val_bpb:1.2077 train_time:483899ms step_avg:69.13ms
step:7200/20000 train_loss:2.0959 train_time:497731ms step_avg:69.13ms
step:7400/20000 train_loss:2.0138 train_time:511574ms step_avg:69.13ms
step:7600/20000 train_loss:1.8811 train_time:525421ms step_avg:69.13ms
step:7800/20000 train_loss:2.0211 train_time:539260ms step_avg:69.14ms
step:8000/20000 train_loss:1.9787 train_time:553103ms step_avg:69.14ms
step:8000/20000 val_loss:1.9821 val_bpb:1.1739 train_time:553117ms step_avg:69.14ms
step:8200/20000 train_loss:2.0430 train_time:566951ms step_avg:69.14ms
step:8400/20000 train_loss:1.9732 train_time:581236ms step_avg:69.19ms
step:8600/20000 train_loss:1.9755 train_time:597874ms step_avg:69.52ms
step:8625/20000 val_loss:1.9441 val_bpb:1.1514 train_time:599947ms step_avg:69.56ms
stopping_early: wallclock_cap train_time:599947ms step:8625/20000
peak memory allocated: 14328 MiB reserved: 14392 MiB
ema: loading EMA weights (decay=0.997)
Serialized model: 105789375 bytes
Code size: 63082 bytes
Total submission size: 105852457 bytes
grad_quant: adaptive precision for 69 tensors based on gradient sensitivity
Serialized model int8+zlib: 16808880 bytes (payload:27057508 raw_torch:27113999 payload_ratio:3.91x)
Total submission size int8+zlib: 16871962 bytes
final_int8_zlib_roundtrip val_loss:1.9503 val_bpb:1.1551 eval_time:2143ms eval_seq_len:2048
final_int8_zlib_roundtrip_exact val_loss:1.95030473 val_bpb:1.15508031
final_sliding_window val_loss:1.9133 val_bpb:1.1332 eval_time:201225ms stride:64 seq_len:2048
final_sliding_window_exact val_loss:1.91332351 val_bpb:1.13318096
