W0320 18:57:08.393000 348012 torch/distributed/run.py:803] 
W0320 18:57:08.393000 348012 torch/distributed/run.py:803] *****************************************
W0320 18:57:08.393000 348012 torch/distributed/run.py:803] Setting OMP_NUM_THREADS environment variable for each process to be 1 in default, to avoid your system being overloaded, please further tune the variable for optimal performance in your application as needed. 
W0320 18:57:08.393000 348012 torch/distributed/run.py:803] *****************************************
logs/17e32973-39fc-4824-8c50-9de66a625b03.txt
val_bpb:enabled tokenizer_kind=sentencepiece tokenizer_path=./data/tokenizers/fineweb_1024_bpe.model
train_loader:dataset:fineweb10B_sp1024 train_shards:80
val_loader:shards pattern=./data/datasets/fineweb10B_sp1024/fineweb_val_*.bin tokens:62021632
model_params:26829913
world_size:8 grad_accum_steps:1
sdp_backends:cudnn=False flash=True mem_efficient=False math=False
attention_mode:gqa num_heads:8 num_kv_heads:4
tie_embeddings:True embed_lr:0.035 head_lr:0.0 matrix_lr:0.025 scalar_lr:0.025
train_batch_tokens:524288 train_seq_len:2048 iterations:20000 warmup_steps:20 max_wallclock_seconds:600.000
seed:1337
warmup_step:1/20
warmup_step:2/20
warmup_step:3/20
warmup_step:4/20
warmup_step:5/20
warmup_step:6/20
warmup_step:7/20
warmup_step:8/20
warmup_step:9/20
warmup_step:10/20
warmup_step:11/20
warmup_step:12/20
warmup_step:13/20
warmup_step:14/20
warmup_step:15/20
warmup_step:16/20
warmup_step:17/20
warmup_step:18/20
warmup_step:19/20
warmup_step:20/20
step:0/20000 val_loss:6.9303 val_bpb:4.1045 train_time:0ms step_avg:0.02ms
step:1/20000 train_loss:6.9315 train_time:122ms step_avg:122.36ms
step:2/20000 train_loss:8.6361 train_time:205ms step_avg:102.49ms
step:3/20000 train_loss:7.8457 train_time:277ms step_avg:92.24ms
step:4/20000 train_loss:7.3983 train_time:349ms step_avg:87.13ms
step:5/20000 train_loss:7.0357 train_time:421ms step_avg:84.19ms
step:6/20000 train_loss:7.9150 train_time:493ms step_avg:82.16ms
step:7/20000 train_loss:6.9203 train_time:565ms step_avg:80.69ms
step:8/20000 train_loss:6.7477 train_time:636ms step_avg:79.45ms
step:9/20000 train_loss:6.4224 train_time:707ms step_avg:78.60ms
step:10/20000 train_loss:6.2260 train_time:778ms step_avg:77.83ms
step:200/20000 train_loss:2.7720 train_time:13420ms step_avg:67.10ms
step:400/20000 train_loss:2.2508 train_time:26806ms step_avg:67.01ms
step:600/20000 train_loss:2.4681 train_time:40202ms step_avg:67.00ms
step:800/20000 train_loss:2.2185 train_time:53633ms step_avg:67.04ms
step:1000/20000 train_loss:2.3211 train_time:67055ms step_avg:67.06ms
step:1000/20000 val_loss:2.2709 val_bpb:1.3450 train_time:67078ms step_avg:67.08ms
step:1200/20000 train_loss:2.3430 train_time:80474ms step_avg:67.06ms
step:1400/20000 train_loss:2.3783 train_time:93877ms step_avg:67.06ms
step:1600/20000 train_loss:2.0474 train_time:107275ms step_avg:67.05ms
step:1800/20000 train_loss:2.1504 train_time:120695ms step_avg:67.05ms
step:2000/20000 train_loss:2.1882 train_time:134109ms step_avg:67.05ms
step:2000/20000 val_loss:2.1733 val_bpb:1.2872 train_time:134131ms step_avg:67.07ms
step:2200/20000 train_loss:2.0077 train_time:147514ms step_avg:67.05ms
step:2400/20000 train_loss:2.1340 train_time:160928ms step_avg:67.05ms
step:2600/20000 train_loss:2.3674 train_time:174343ms step_avg:67.05ms
step:2800/20000 train_loss:2.1783 train_time:187753ms step_avg:67.05ms
step:3000/20000 train_loss:2.1647 train_time:201168ms step_avg:67.06ms
step:3000/20000 val_loss:2.1312 val_bpb:1.2622 train_time:201189ms step_avg:67.06ms
step:3200/20000 train_loss:2.1308 train_time:214567ms step_avg:67.05ms
step:3400/20000 train_loss:2.1067 train_time:227963ms step_avg:67.05ms
step:3600/20000 train_loss:2.0430 train_time:241367ms step_avg:67.05ms
step:3800/20000 train_loss:2.1528 train_time:254749ms step_avg:67.04ms
step:4000/20000 train_loss:2.1226 train_time:268116ms step_avg:67.03ms
step:4000/20000 val_loss:2.1125 val_bpb:1.2511 train_time:268138ms step_avg:67.03ms
step:4200/20000 train_loss:2.1156 train_time:281582ms step_avg:67.04ms
step:4400/20000 train_loss:2.0592 train_time:294935ms step_avg:67.03ms
step:4600/20000 train_loss:1.9221 train_time:308288ms step_avg:67.02ms
step:4800/20000 train_loss:2.2109 train_time:321636ms step_avg:67.01ms
step:5000/20000 train_loss:1.9662 train_time:334988ms step_avg:67.00ms
step:5000/20000 val_loss:2.1028 val_bpb:1.2454 train_time:335009ms step_avg:67.00ms
step:5200/20000 train_loss:2.1306 train_time:348380ms step_avg:67.00ms
step:5400/20000 train_loss:2.1468 train_time:361775ms step_avg:67.00ms
step:5600/20000 train_loss:2.1331 train_time:375163ms step_avg:66.99ms
step:5800/20000 train_loss:2.0899 train_time:388558ms step_avg:66.99ms
step:6000/20000 train_loss:2.1729 train_time:401960ms step_avg:66.99ms
step:6000/20000 val_loss:2.0986 val_bpb:1.2429 train_time:401983ms step_avg:67.00ms
step:6200/20000 train_loss:2.0394 train_time:415369ms step_avg:66.99ms
step:6400/20000 train_loss:2.1102 train_time:428758ms step_avg:66.99ms
step:6600/20000 train_loss:2.0779 train_time:442171ms step_avg:67.00ms
step:6800/20000 train_loss:2.1589 train_time:455584ms step_avg:67.00ms
step:7000/20000 train_loss:2.1939 train_time:468991ms step_avg:67.00ms
step:7000/20000 val_loss:2.0914 val_bpb:1.2387 train_time:469013ms step_avg:67.00ms
step:7200/20000 train_loss:2.2117 train_time:482396ms step_avg:67.00ms
step:7400/20000 train_loss:2.1300 train_time:495815ms step_avg:67.00ms
step:7600/20000 train_loss:2.0059 train_time:509233ms step_avg:67.00ms
step:7800/20000 train_loss:2.2096 train_time:522772ms step_avg:67.02ms
step:8000/20000 train_loss:2.1719 train_time:536237ms step_avg:67.03ms
step:8000/20000 val_loss:2.1480 val_bpb:1.2722 train_time:536257ms step_avg:67.03ms
step:8200/20000 train_loss:2.2434 train_time:549746ms step_avg:67.04ms
step:8400/20000 train_loss:2.2130 train_time:563384ms step_avg:67.07ms
step:8600/20000 train_loss:2.2513 train_time:576898ms step_avg:67.08ms
step:8800/20000 train_loss:2.2304 train_time:590431ms step_avg:67.09ms
step:8942/20000 val_loss:2.1916 val_bpb:1.2980 train_time:599952ms step_avg:67.09ms
stopping_early: wallclock_cap train_time:599952ms step:8942/20000
peak memory allocated: 13958 MiB reserved: 14100 MiB
swa: averaging 7 checkpoints
Serialized model: 105789375 bytes
Code size: 60189 bytes
Total submission size: 105849564 bytes
Serialized model int8+zlib: 16161210 bytes (payload:27057508 raw_torch:27113999 payload_ratio:3.91x)
Total submission size int8+zlib: 16221399 bytes
final_int8_zlib_roundtrip val_loss:2.4809 val_bpb:1.4693 eval_time:2100ms eval_seq_len:2048
final_int8_zlib_roundtrip_exact val_loss:2.48088676 val_bpb:1.46932088
final_sliding_window val_loss:2.4180 val_bpb:1.4321 eval_time:186155ms stride:64 seq_len:2048
final_sliding_window_exact val_loss:2.41802930 val_bpb:1.43209694
