W0320 16:08:07.956000 304302 torch/distributed/run.py:803] 
W0320 16:08:07.956000 304302 torch/distributed/run.py:803] *****************************************
W0320 16:08:07.956000 304302 torch/distributed/run.py:803] Setting OMP_NUM_THREADS environment variable for each process to be 1 in default, to avoid your system being overloaded, please further tune the variable for optimal performance in your application as needed. 
W0320 16:08:07.956000 304302 torch/distributed/run.py:803] *****************************************
logs/8d2b4b9e-deaa-43c3-addf-019a6e2cc810.txt
val_bpb:enabled tokenizer_kind=sentencepiece tokenizer_path=./data/tokenizers/fineweb_1024_bpe.model
train_loader:dataset:fineweb10B_sp1024 train_shards:80
val_loader:shards pattern=./data/datasets/fineweb10B_sp1024/fineweb_val_*.bin tokens:62021632
model_params:26829913
world_size:8 grad_accum_steps:1
sdp_backends:cudnn=False flash=True mem_efficient=False math=False
attention_mode:gqa num_heads:8 num_kv_heads:4
tie_embeddings:True embed_lr:0.035 head_lr:0.0 matrix_lr:0.025 scalar_lr:0.025
train_batch_tokens:524288 train_seq_len:2048 iterations:20000 warmup_steps:20 max_wallclock_seconds:600.000
seed:1337
warmup_step:1/20
warmup_step:2/20
warmup_step:3/20
warmup_step:4/20
warmup_step:5/20
warmup_step:6/20
warmup_step:7/20
warmup_step:8/20
warmup_step:9/20
warmup_step:10/20
warmup_step:11/20
warmup_step:12/20
warmup_step:13/20
warmup_step:14/20
warmup_step:15/20
warmup_step:16/20
warmup_step:17/20
warmup_step:18/20
warmup_step:19/20
warmup_step:20/20
step:0/20000 val_loss:6.9303 val_bpb:4.1045 train_time:0ms step_avg:0.02ms
step:1/20000 train_loss:6.9315 train_time:120ms step_avg:119.68ms
step:2/20000 train_loss:8.6361 train_time:178ms step_avg:89.21ms
step:3/20000 train_loss:7.8458 train_time:250ms step_avg:83.34ms
step:4/20000 train_loss:7.3984 train_time:323ms step_avg:80.65ms
step:5/20000 train_loss:7.0357 train_time:394ms step_avg:78.80ms
step:6/20000 train_loss:7.9153 train_time:465ms step_avg:77.51ms
step:7/20000 train_loss:6.9202 train_time:537ms step_avg:76.73ms
step:8/20000 train_loss:6.7476 train_time:609ms step_avg:76.07ms
step:9/20000 train_loss:6.4226 train_time:681ms step_avg:75.69ms
step:10/20000 train_loss:6.2256 train_time:751ms step_avg:75.10ms
step:200/20000 train_loss:2.7669 train_time:13402ms step_avg:67.01ms
step:400/20000 train_loss:2.2689 train_time:26747ms step_avg:66.87ms
step:600/20000 train_loss:2.4675 train_time:40124ms step_avg:66.87ms
step:800/20000 train_loss:2.2244 train_time:53522ms step_avg:66.90ms
step:1000/20000 train_loss:2.3197 train_time:66910ms step_avg:66.91ms
step:1000/20000 val_loss:2.2700 val_bpb:1.3444 train_time:66943ms step_avg:66.94ms
step:1200/20000 train_loss:2.3416 train_time:80312ms step_avg:66.93ms
step:1400/20000 train_loss:2.3766 train_time:93707ms step_avg:66.93ms
step:1600/20000 train_loss:2.0507 train_time:107091ms step_avg:66.93ms
step:1800/20000 train_loss:2.1500 train_time:120501ms step_avg:66.94ms
step:2000/20000 train_loss:2.1899 train_time:133895ms step_avg:66.95ms
step:2000/20000 val_loss:2.1731 val_bpb:1.2870 train_time:133918ms step_avg:66.96ms
step:2200/20000 train_loss:2.0109 train_time:147289ms step_avg:66.95ms
step:2400/20000 train_loss:2.1376 train_time:160690ms step_avg:66.95ms
step:2600/20000 train_loss:2.3729 train_time:174090ms step_avg:66.96ms
step:2800/20000 train_loss:2.1761 train_time:187510ms step_avg:66.97ms
step:3000/20000 train_loss:2.1656 train_time:200916ms step_avg:66.97ms
step:3000/20000 val_loss:2.1319 val_bpb:1.2626 train_time:200938ms step_avg:66.98ms
step:3200/20000 train_loss:2.1281 train_time:214320ms step_avg:66.98ms
step:3400/20000 train_loss:2.1052 train_time:227711ms step_avg:66.97ms
step:3600/20000 train_loss:2.0472 train_time:241111ms step_avg:66.98ms
step:3800/20000 train_loss:2.1470 train_time:254498ms step_avg:66.97ms
step:4000/20000 train_loss:2.1239 train_time:267880ms step_avg:66.97ms
step:4000/20000 val_loss:2.1140 val_bpb:1.2520 train_time:267901ms step_avg:66.98ms
step:4200/20000 train_loss:2.1185 train_time:281351ms step_avg:66.99ms
step:4400/20000 train_loss:2.0590 train_time:294744ms step_avg:66.99ms
step:4600/20000 train_loss:1.9226 train_time:308143ms step_avg:66.99ms
step:4800/20000 train_loss:2.2097 train_time:321538ms step_avg:66.99ms
step:5000/20000 train_loss:1.9652 train_time:334938ms step_avg:66.99ms
step:5000/20000 val_loss:2.1035 val_bpb:1.2458 train_time:334960ms step_avg:66.99ms
step:5200/20000 train_loss:2.1244 train_time:348319ms step_avg:66.98ms
step:5400/20000 train_loss:2.1423 train_time:361711ms step_avg:66.98ms
step:5600/20000 train_loss:2.1361 train_time:375113ms step_avg:66.98ms
step:5800/20000 train_loss:2.0918 train_time:388511ms step_avg:66.98ms
step:6000/20000 train_loss:2.1743 train_time:401910ms step_avg:66.99ms
step:6000/20000 val_loss:2.0991 val_bpb:1.2432 train_time:401931ms step_avg:66.99ms
step:6200/20000 train_loss:2.0443 train_time:415312ms step_avg:66.99ms
step:6400/20000 train_loss:2.1092 train_time:428703ms step_avg:66.98ms
step:6600/20000 train_loss:2.0555 train_time:442102ms step_avg:66.99ms
step:6800/20000 train_loss:2.1114 train_time:455499ms step_avg:66.99ms
step:7000/20000 train_loss:2.1565 train_time:468921ms step_avg:66.99ms
step:7000/20000 val_loss:2.0554 val_bpb:1.2173 train_time:468945ms step_avg:66.99ms
step:7200/20000 train_loss:2.1194 train_time:482340ms step_avg:66.99ms
step:7400/20000 train_loss:2.0317 train_time:495758ms step_avg:66.99ms
step:7600/20000 train_loss:1.8991 train_time:509168ms step_avg:67.00ms
step:7800/20000 train_loss:2.0385 train_time:522719ms step_avg:67.02ms
step:8000/20000 train_loss:1.9996 train_time:536185ms step_avg:67.02ms
step:8000/20000 val_loss:2.0022 val_bpb:1.1858 train_time:536213ms step_avg:67.03ms
step:8200/20000 train_loss:2.0637 train_time:549708ms step_avg:67.04ms
step:8400/20000 train_loss:1.9950 train_time:563296ms step_avg:67.06ms
step:8600/20000 train_loss:1.9948 train_time:576802ms step_avg:67.07ms
step:8800/20000 train_loss:1.9419 train_time:590283ms step_avg:67.08ms
step:8945/20000 val_loss:1.9467 val_bpb:1.1530 train_time:600000ms step_avg:67.08ms
stopping_early: wallclock_cap train_time:600000ms step:8945/20000
peak memory allocated: 13958 MiB reserved: 14100 MiB
swa: averaging 7 checkpoints
Serialized model: 105789375 bytes
Code size: 59236 bytes
Total submission size: 105848611 bytes
Serialized model int8+zlib: 15425101 bytes (payload:27057508 raw_torch:27113999 payload_ratio:3.91x)
Total submission size int8+zlib: 15484337 bytes
final_int8_zlib_roundtrip val_loss:1.9675 val_bpb:1.1652 eval_time:2100ms eval_seq_len:2048
final_int8_zlib_roundtrip_exact val_loss:1.96745193 val_bpb:1.16523585
final_sliding_window val_loss:1.9297 val_bpb:1.1429 eval_time:186213ms stride:64 seq_len:2048
final_sliding_window_exact val_loss:1.92969374 val_bpb:1.14287636
