W0320 22:57:45.411000 379179 torch/distributed/run.py:803] 
W0320 22:57:45.411000 379179 torch/distributed/run.py:803] *****************************************
W0320 22:57:45.411000 379179 torch/distributed/run.py:803] Setting OMP_NUM_THREADS environment variable for each process to be 1 in default, to avoid your system being overloaded, please further tune the variable for optimal performance in your application as needed. 
W0320 22:57:45.411000 379179 torch/distributed/run.py:803] *****************************************
logs/5d2f8228-8622-4a81-8ea3-01aeafb0408b.txt
val_bpb:enabled tokenizer_kind=sentencepiece tokenizer_path=./data/tokenizers/fineweb_1024_bpe.model
train_loader:dataset:fineweb10B_sp1024 train_shards:80
val_loader:shards pattern=./data/datasets/fineweb10B_sp1024/fineweb_val_*.bin tokens:62021632
model_params:26829913
world_size:8 grad_accum_steps:1
sdp_backends:cudnn=False flash=True mem_efficient=False math=False
attention_mode:gqa num_heads:8 num_kv_heads:4
tie_embeddings:True embed_lr:0.035 head_lr:0.0 matrix_lr:0.025 scalar_lr:0.025
train_batch_tokens:524288 train_seq_len:2048 iterations:20000 warmup_steps:20 max_wallclock_seconds:600.000
seed:1338
warmup_step:1/20
warmup_step:2/20
warmup_step:3/20
warmup_step:4/20
warmup_step:5/20
warmup_step:6/20
warmup_step:7/20
warmup_step:8/20
warmup_step:9/20
warmup_step:10/20
warmup_step:11/20
warmup_step:12/20
warmup_step:13/20
warmup_step:14/20
warmup_step:15/20
warmup_step:16/20
warmup_step:17/20
warmup_step:18/20
warmup_step:19/20
warmup_step:20/20
step:0/20000 val_loss:6.9292 val_bpb:4.1038 train_time:0ms step_avg:0.01ms
step:1/20000 train_loss:6.9299 train_time:124ms step_avg:124.33ms
step:2/20000 train_loss:8.5826 train_time:183ms step_avg:91.50ms
step:3/20000 train_loss:7.7831 train_time:258ms step_avg:86.14ms
step:4/20000 train_loss:7.3582 train_time:332ms step_avg:82.96ms
step:5/20000 train_loss:6.9089 train_time:405ms step_avg:81.01ms
step:6/20000 train_loss:7.8031 train_time:478ms step_avg:79.63ms
step:7/20000 train_loss:6.9659 train_time:549ms step_avg:78.47ms
step:8/20000 train_loss:6.8002 train_time:623ms step_avg:77.81ms
step:9/20000 train_loss:6.6282 train_time:694ms step_avg:77.16ms
step:10/20000 train_loss:6.3679 train_time:767ms step_avg:76.68ms
step:200/20000 train_loss:2.7679 train_time:13446ms step_avg:67.23ms
step:400/20000 train_loss:2.2600 train_time:26854ms step_avg:67.14ms
step:600/20000 train_loss:2.4554 train_time:40317ms step_avg:67.19ms
step:800/20000 train_loss:2.2145 train_time:53802ms step_avg:67.25ms
step:1000/20000 train_loss:2.3193 train_time:67283ms step_avg:67.28ms
step:1000/20000 val_loss:2.2695 val_bpb:1.3441 train_time:67311ms step_avg:67.31ms
step:1200/20000 train_loss:2.3410 train_time:80744ms step_avg:67.29ms
step:1400/20000 train_loss:2.3728 train_time:94189ms step_avg:67.28ms
step:1600/20000 train_loss:2.0463 train_time:107638ms step_avg:67.27ms
step:1800/20000 train_loss:2.1470 train_time:121088ms step_avg:67.27ms
step:2000/20000 train_loss:2.1937 train_time:134538ms step_avg:67.27ms
step:2000/20000 val_loss:2.1691 val_bpb:1.2847 train_time:134562ms step_avg:67.28ms
step:2200/20000 train_loss:2.0082 train_time:147931ms step_avg:67.24ms
step:2400/20000 train_loss:2.1333 train_time:161329ms step_avg:67.22ms
step:2600/20000 train_loss:2.3603 train_time:174726ms step_avg:67.20ms
step:2800/20000 train_loss:2.1742 train_time:188116ms step_avg:67.18ms
step:3000/20000 train_loss:2.1583 train_time:201501ms step_avg:67.17ms
step:3000/20000 val_loss:2.1278 val_bpb:1.2602 train_time:201524ms step_avg:67.17ms
step:3200/20000 train_loss:2.1236 train_time:214872ms step_avg:67.15ms
step:3400/20000 train_loss:2.0968 train_time:228283ms step_avg:67.14ms
step:3600/20000 train_loss:2.0415 train_time:241709ms step_avg:67.14ms
step:3800/20000 train_loss:2.1485 train_time:255153ms step_avg:67.15ms
step:4000/20000 train_loss:2.1198 train_time:268590ms step_avg:67.15ms
step:4000/20000 val_loss:2.1092 val_bpb:1.2492 train_time:268612ms step_avg:67.15ms
step:4200/20000 train_loss:2.1140 train_time:282148ms step_avg:67.18ms
step:4400/20000 train_loss:2.0510 train_time:295581ms step_avg:67.18ms
step:4600/20000 train_loss:1.9140 train_time:309015ms step_avg:67.18ms
step:4800/20000 train_loss:2.2046 train_time:322460ms step_avg:67.18ms
step:5000/20000 train_loss:1.9606 train_time:335914ms step_avg:67.18ms
step:5000/20000 val_loss:2.0993 val_bpb:1.2433 train_time:335937ms step_avg:67.19ms
step:5200/20000 train_loss:2.1228 train_time:349354ms step_avg:67.18ms
step:5400/20000 train_loss:2.1401 train_time:362783ms step_avg:67.18ms
step:5600/20000 train_loss:2.1300 train_time:376222ms step_avg:67.18ms
step:5800/20000 train_loss:2.0881 train_time:389673ms step_avg:67.19ms
step:6000/20000 train_loss:2.1706 train_time:403117ms step_avg:67.19ms
step:6000/20000 val_loss:2.0943 val_bpb:1.2404 train_time:403140ms step_avg:67.19ms
step:6200/20000 train_loss:2.0350 train_time:416558ms step_avg:67.19ms
step:6400/20000 train_loss:2.1099 train_time:430001ms step_avg:67.19ms
step:6600/20000 train_loss:2.0553 train_time:443449ms step_avg:67.19ms
step:6800/20000 train_loss:2.1110 train_time:456888ms step_avg:67.19ms
step:7000/20000 train_loss:2.1476 train_time:470316ms step_avg:67.19ms
step:7000/20000 val_loss:2.0497 val_bpb:1.2140 train_time:470339ms step_avg:67.19ms
step:7200/20000 train_loss:2.1117 train_time:483747ms step_avg:67.19ms
step:7400/20000 train_loss:2.0240 train_time:497177ms step_avg:67.19ms
step:7600/20000 train_loss:1.8967 train_time:510600ms step_avg:67.18ms
step:7800/20000 train_loss:2.0347 train_time:524143ms step_avg:67.20ms
step:8000/20000 train_loss:1.9977 train_time:537645ms step_avg:67.21ms
step:8000/20000 val_loss:1.9969 val_bpb:1.1827 train_time:537669ms step_avg:67.21ms
step:8200/20000 train_loss:2.0584 train_time:551174ms step_avg:67.22ms
step:8400/20000 train_loss:1.9874 train_time:564738ms step_avg:67.23ms
step:8600/20000 train_loss:1.9876 train_time:578250ms step_avg:67.24ms
step:8800/20000 train_loss:1.9367 train_time:591749ms step_avg:67.24ms
step:8922/20000 val_loss:1.9421 val_bpb:1.1502 train_time:599973ms step_avg:67.25ms
stopping_early: wallclock_cap train_time:599973ms step:8922/20000
peak memory allocated: 13958 MiB reserved: 14100 MiB
swa: averaging 7 checkpoints
Serialized model: 105789375 bytes
Code size: 63180 bytes
Total submission size: 105852555 bytes
Serialized model int8+zlib: 15565243 bytes (payload:27057508 raw_torch:27113999 payload_ratio:3.91x)
Total submission size int8+zlib: 15628423 bytes
final_int8_zlib_roundtrip val_loss:1.9600 val_bpb:1.1608 eval_time:2096ms eval_seq_len:2048
final_int8_zlib_roundtrip_exact val_loss:1.96004621 val_bpb:1.16084977
ttt_epoch:1/20 loss:1.9551 time:16.5s
ttt_epoch:2/20 loss:1.9526 time:32.8s
ttt_epoch:3/20 loss:1.9515 time:49.1s
ttt_epoch:4/20 loss:1.9507 time:65.4s
ttt_epoch:5/20 loss:1.9500 time:81.7s
ttt_epoch:6/20 loss:1.9494 time:98.1s
ttt_epoch:7/20 loss:1.9489 time:114.4s
ttt_epoch:8/20 loss:1.9485 time:130.7s
ttt_epoch:9/20 loss:1.9481 time:147.0s
ttt_epoch:10/20 loss:1.9477 time:163.3s
ttt_epoch:11/20 loss:1.9473 time:179.7s
ttt_epoch:12/20 loss:1.9470 time:196.0s
ttt_epoch:13/20 loss:1.9467 time:212.3s
ttt_epoch:14/20 loss:1.9463 time:228.6s
ttt_epoch:15/20 loss:1.9460 time:244.9s
ttt_epoch:16/20 loss:1.9458 time:261.2s
ttt_epoch:17/20 loss:1.9455 time:277.5s
ttt_epoch:18/20 loss:1.9452 time:293.8s
ttt_epoch:19/20 loss:1.9450 time:310.1s
ttt_epoch:20/20 loss:1.9447 time:326.4s
ttt:done elapsed=326.4s
ttt:complete time:326414ms
final_sliding_window val_loss:1.9065 val_bpb:1.1291 eval_time:186352ms stride:64 seq_len:2048
final_sliding_window_exact val_loss:1.90646230 val_bpb:1.12911735
