W0320 21:12:41.367000 373089 torch/distributed/run.py:803] 
W0320 21:12:41.367000 373089 torch/distributed/run.py:803] *****************************************
W0320 21:12:41.367000 373089 torch/distributed/run.py:803] Setting OMP_NUM_THREADS environment variable for each process to be 1 in default, to avoid your system being overloaded, please further tune the variable for optimal performance in your application as needed. 
W0320 21:12:41.367000 373089 torch/distributed/run.py:803] *****************************************
logs/3b9836db-0dc1-492c-9e1c-60658979ff55.txt
val_bpb:enabled tokenizer_kind=sentencepiece tokenizer_path=./data/tokenizers/fineweb_1024_bpe.model
train_loader:dataset:fineweb10B_sp1024 train_shards:80
val_loader:shards pattern=./data/datasets/fineweb10B_sp1024/fineweb_val_*.bin tokens:62021632
model_params:26829913
world_size:8 grad_accum_steps:1
sdp_backends:cudnn=False flash=True mem_efficient=False math=False
attention_mode:gqa num_heads:8 num_kv_heads:4
tie_embeddings:True embed_lr:0.035 head_lr:0.0 matrix_lr:0.025 scalar_lr:0.025
train_batch_tokens:524288 train_seq_len:2048 iterations:20000 warmup_steps:20 max_wallclock_seconds:600.000
seed:1338
warmup_step:1/20
warmup_step:2/20
warmup_step:3/20
warmup_step:4/20
warmup_step:5/20
warmup_step:6/20
warmup_step:7/20
warmup_step:8/20
warmup_step:9/20
warmup_step:10/20
warmup_step:11/20
warmup_step:12/20
warmup_step:13/20
warmup_step:14/20
warmup_step:15/20
warmup_step:16/20
warmup_step:17/20
warmup_step:18/20
warmup_step:19/20
warmup_step:20/20
step:0/20000 val_loss:6.9292 val_bpb:4.1038 train_time:0ms step_avg:0.01ms
step:1/20000 train_loss:6.9299 train_time:122ms step_avg:121.98ms
step:2/20000 train_loss:8.5826 train_time:181ms step_avg:90.58ms
step:3/20000 train_loss:7.7830 train_time:253ms step_avg:84.33ms
step:4/20000 train_loss:7.3582 train_time:326ms step_avg:81.38ms
step:5/20000 train_loss:6.9088 train_time:398ms step_avg:79.62ms
step:6/20000 train_loss:7.8034 train_time:470ms step_avg:78.38ms
step:7/20000 train_loss:6.9661 train_time:543ms step_avg:77.51ms
step:8/20000 train_loss:6.8004 train_time:615ms step_avg:76.85ms
step:9/20000 train_loss:6.6280 train_time:687ms step_avg:76.33ms
step:10/20000 train_loss:6.3670 train_time:758ms step_avg:75.81ms
step:200/20000 train_loss:2.7675 train_time:13413ms step_avg:67.07ms
step:400/20000 train_loss:2.2607 train_time:26767ms step_avg:66.92ms
step:600/20000 train_loss:2.4610 train_time:40149ms step_avg:66.92ms
step:800/20000 train_loss:2.2211 train_time:53557ms step_avg:66.95ms
step:1000/20000 train_loss:2.3198 train_time:66952ms step_avg:66.95ms
step:1000/20000 val_loss:2.2691 val_bpb:1.3439 train_time:66975ms step_avg:66.98ms
step:1200/20000 train_loss:2.3364 train_time:80349ms step_avg:66.96ms
step:1400/20000 train_loss:2.3756 train_time:93724ms step_avg:66.95ms
step:1600/20000 train_loss:2.0460 train_time:107111ms step_avg:66.94ms
step:1800/20000 train_loss:2.1509 train_time:120530ms step_avg:66.96ms
step:2000/20000 train_loss:2.1886 train_time:133931ms step_avg:66.97ms
step:2000/20000 val_loss:2.1703 val_bpb:1.2853 train_time:133954ms step_avg:66.98ms
step:2200/20000 train_loss:2.0064 train_time:147331ms step_avg:66.97ms
step:2400/20000 train_loss:2.1347 train_time:160742ms step_avg:66.98ms
step:2600/20000 train_loss:2.3638 train_time:174149ms step_avg:66.98ms
step:2800/20000 train_loss:2.1731 train_time:187567ms step_avg:66.99ms
step:3000/20000 train_loss:2.1606 train_time:201021ms step_avg:67.01ms
step:3000/20000 val_loss:2.1279 val_bpb:1.2602 train_time:201044ms step_avg:67.01ms
step:3200/20000 train_loss:2.1292 train_time:214432ms step_avg:67.01ms
step:3400/20000 train_loss:2.0963 train_time:227833ms step_avg:67.01ms
step:3600/20000 train_loss:2.0412 train_time:241248ms step_avg:67.01ms
step:3800/20000 train_loss:2.1492 train_time:254637ms step_avg:67.01ms
step:4000/20000 train_loss:2.1170 train_time:268025ms step_avg:67.01ms
step:4000/20000 val_loss:2.1099 val_bpb:1.2496 train_time:268048ms step_avg:67.01ms
step:4200/20000 train_loss:2.1134 train_time:281499ms step_avg:67.02ms
step:4400/20000 train_loss:2.0519 train_time:294873ms step_avg:67.02ms
step:4600/20000 train_loss:1.9151 train_time:308254ms step_avg:67.01ms
step:4800/20000 train_loss:2.2038 train_time:321634ms step_avg:67.01ms
step:5000/20000 train_loss:1.9651 train_time:335016ms step_avg:67.00ms
step:5000/20000 val_loss:2.0996 val_bpb:1.2435 train_time:335039ms step_avg:67.01ms
step:5200/20000 train_loss:2.1221 train_time:348391ms step_avg:67.00ms
step:5400/20000 train_loss:2.1433 train_time:361771ms step_avg:66.99ms
step:5600/20000 train_loss:2.1338 train_time:375198ms step_avg:67.00ms
step:5800/20000 train_loss:2.0907 train_time:388620ms step_avg:67.00ms
step:6000/20000 train_loss:2.1696 train_time:402062ms step_avg:67.01ms
step:6000/20000 val_loss:2.0955 val_bpb:1.2411 train_time:402084ms step_avg:67.01ms
step:6200/20000 train_loss:2.0318 train_time:415511ms step_avg:67.02ms
step:6400/20000 train_loss:2.1100 train_time:428954ms step_avg:67.02ms
step:6600/20000 train_loss:2.0515 train_time:442366ms step_avg:67.03ms
step:6800/20000 train_loss:2.1104 train_time:455789ms step_avg:67.03ms
step:7000/20000 train_loss:2.1510 train_time:469203ms step_avg:67.03ms
step:7000/20000 val_loss:2.0508 val_bpb:1.2146 train_time:469225ms step_avg:67.03ms
step:7200/20000 train_loss:2.1124 train_time:482618ms step_avg:67.03ms
step:7400/20000 train_loss:2.0272 train_time:496050ms step_avg:67.03ms
step:7600/20000 train_loss:1.8967 train_time:509502ms step_avg:67.04ms
step:7800/20000 train_loss:2.0370 train_time:523072ms step_avg:67.06ms
step:8000/20000 train_loss:1.9977 train_time:536560ms step_avg:67.07ms
step:8000/20000 val_loss:1.9980 val_bpb:1.1833 train_time:536583ms step_avg:67.07ms
step:8200/20000 train_loss:2.0613 train_time:550053ms step_avg:67.08ms
step:8400/20000 train_loss:1.9894 train_time:563693ms step_avg:67.11ms
step:8600/20000 train_loss:1.9906 train_time:577220ms step_avg:67.12ms
step:8800/20000 train_loss:1.9370 train_time:590695ms step_avg:67.12ms
step:8938/20000 val_loss:1.9422 val_bpb:1.1503 train_time:599985ms step_avg:67.13ms
stopping_early: wallclock_cap train_time:599985ms step:8938/20000
peak memory allocated: 13958 MiB reserved: 14100 MiB
swa: averaging 7 checkpoints
Serialized model: 105789375 bytes
Code size: 63180 bytes
Total submission size: 105852555 bytes
Serialized model int8+zlib: 16740233 bytes (payload:27057508 raw_torch:27113999 payload_ratio:3.91x)
Total submission size int8+zlib: 16803413 bytes
final_int8_zlib_roundtrip val_loss:1.9591 val_bpb:1.1603 eval_time:2118ms eval_seq_len:2048
final_int8_zlib_roundtrip_exact val_loss:1.95910239 val_bpb:1.16029079
ttt_epoch:1/20 loss:1.9577 time:16.5s
ttt_epoch:2/20 loss:1.9558 time:32.8s
ttt_epoch:3/20 loss:1.9551 time:49.1s
ttt_epoch:4/20 loss:1.9546 time:65.4s
ttt_epoch:5/20 loss:1.9542 time:81.7s
ttt_epoch:6/20 loss:1.9539 time:98.0s
ttt_epoch:7/20 loss:1.9536 time:114.3s
ttt_epoch:8/20 loss:1.9533 time:130.6s
ttt_epoch:9/20 loss:1.9531 time:146.9s
ttt_epoch:10/20 loss:1.9529 time:163.2s
ttt_epoch:11/20 loss:1.9527 time:179.5s
ttt_epoch:12/20 loss:1.9525 time:195.8s
ttt_epoch:13/20 loss:1.9524 time:212.1s
ttt_epoch:14/20 loss:1.9522 time:228.4s
ttt_epoch:15/20 loss:1.9520 time:244.7s
ttt_epoch:16/20 loss:1.9519 time:261.0s
ttt_epoch:17/20 loss:1.9518 time:277.3s
ttt_epoch:18/20 loss:1.9516 time:293.6s
ttt_epoch:19/20 loss:1.9515 time:309.9s
ttt_epoch:20/20 loss:1.9514 time:326.2s
ttt:done elapsed=326.2s
ttt:complete time:326253ms
final_sliding_window val_loss:1.9131 val_bpb:1.1331 eval_time:186176ms stride:64 seq_len:2048
final_sliding_window_exact val_loss:1.91313056 val_bpb:1.13306668
