W0320 19:50:28.008000 368281 torch/distributed/run.py:803] 
W0320 19:50:28.008000 368281 torch/distributed/run.py:803] *****************************************
W0320 19:50:28.008000 368281 torch/distributed/run.py:803] Setting OMP_NUM_THREADS environment variable for each process to be 1 in default, to avoid your system being overloaded, please further tune the variable for optimal performance in your application as needed. 
W0320 19:50:28.008000 368281 torch/distributed/run.py:803] *****************************************
logs/405c2e89-7b39-4dc2-809d-4bd3fe0d171c.txt
val_bpb:enabled tokenizer_kind=sentencepiece tokenizer_path=./data/tokenizers/fineweb_1024_bpe.model
train_loader:dataset:fineweb10B_sp1024 train_shards:80
val_loader:shards pattern=./data/datasets/fineweb10B_sp1024/fineweb_val_*.bin tokens:62021632
model_params:26829913
world_size:8 grad_accum_steps:1
sdp_backends:cudnn=False flash=True mem_efficient=False math=False
attention_mode:gqa num_heads:8 num_kv_heads:4
tie_embeddings:True embed_lr:0.035 head_lr:0.0 matrix_lr:0.025 scalar_lr:0.025
train_batch_tokens:524288 train_seq_len:2048 iterations:20000 warmup_steps:20 max_wallclock_seconds:600.000
seed:1337
warmup_step:1/20
warmup_step:2/20
warmup_step:3/20
warmup_step:4/20
warmup_step:5/20
warmup_step:6/20
warmup_step:7/20
warmup_step:8/20
warmup_step:9/20
warmup_step:10/20
warmup_step:11/20
warmup_step:12/20
warmup_step:13/20
warmup_step:14/20
warmup_step:15/20
warmup_step:16/20
warmup_step:17/20
warmup_step:18/20
warmup_step:19/20
warmup_step:20/20
step:0/20000 val_loss:6.9303 val_bpb:4.1045 train_time:0ms step_avg:0.02ms
step:1/20000 train_loss:6.9315 train_time:118ms step_avg:118.11ms
step:2/20000 train_loss:8.6361 train_time:181ms step_avg:90.70ms
step:3/20000 train_loss:7.8458 train_time:255ms step_avg:84.92ms
step:4/20000 train_loss:7.3985 train_time:327ms step_avg:81.74ms
step:5/20000 train_loss:7.0355 train_time:399ms step_avg:79.74ms
step:6/20000 train_loss:7.9152 train_time:470ms step_avg:78.39ms
step:7/20000 train_loss:6.9204 train_time:543ms step_avg:77.57ms
step:8/20000 train_loss:6.7476 train_time:615ms step_avg:76.93ms
step:9/20000 train_loss:6.4228 train_time:688ms step_avg:76.44ms
step:10/20000 train_loss:6.2267 train_time:760ms step_avg:76.00ms
step:200/20000 train_loss:2.7652 train_time:13430ms step_avg:67.15ms
step:400/20000 train_loss:2.2671 train_time:26772ms step_avg:66.93ms
step:600/20000 train_loss:2.4647 train_time:40158ms step_avg:66.93ms
step:800/20000 train_loss:2.2164 train_time:53555ms step_avg:66.94ms
step:1000/20000 train_loss:2.3176 train_time:66934ms step_avg:66.93ms
step:1000/20000 val_loss:2.2711 val_bpb:1.3450 train_time:66958ms step_avg:66.96ms
step:1200/20000 train_loss:2.3455 train_time:80303ms step_avg:66.92ms
step:1400/20000 train_loss:2.3796 train_time:93666ms step_avg:66.90ms
step:1600/20000 train_loss:2.0541 train_time:107047ms step_avg:66.90ms
step:1800/20000 train_loss:2.1528 train_time:120425ms step_avg:66.90ms
step:2000/20000 train_loss:2.1927 train_time:133800ms step_avg:66.90ms
step:2000/20000 val_loss:2.1743 val_bpb:1.2877 train_time:133823ms step_avg:66.91ms
step:2200/20000 train_loss:2.0136 train_time:147173ms step_avg:66.90ms
step:2400/20000 train_loss:2.1381 train_time:160559ms step_avg:66.90ms
step:2600/20000 train_loss:2.3688 train_time:173942ms step_avg:66.90ms
step:2800/20000 train_loss:2.1785 train_time:187335ms step_avg:66.91ms
step:3000/20000 train_loss:2.1657 train_time:200755ms step_avg:66.92ms
step:3000/20000 val_loss:2.1322 val_bpb:1.2628 train_time:200778ms step_avg:66.93ms
step:3200/20000 train_loss:2.1306 train_time:214159ms step_avg:66.92ms
step:3400/20000 train_loss:2.1039 train_time:227558ms step_avg:66.93ms
step:3600/20000 train_loss:2.0454 train_time:240949ms step_avg:66.93ms
step:3800/20000 train_loss:2.1554 train_time:254359ms step_avg:66.94ms
step:4000/20000 train_loss:2.1227 train_time:267754ms step_avg:66.94ms
step:4000/20000 val_loss:2.1136 val_bpb:1.2518 train_time:267776ms step_avg:66.94ms
step:4200/20000 train_loss:2.1144 train_time:281250ms step_avg:66.96ms
step:4400/20000 train_loss:2.0564 train_time:294652ms step_avg:66.97ms
step:4600/20000 train_loss:1.9170 train_time:308046ms step_avg:66.97ms
step:4800/20000 train_loss:2.2093 train_time:321441ms step_avg:66.97ms
step:5000/20000 train_loss:1.9683 train_time:334829ms step_avg:66.97ms
step:5000/20000 val_loss:2.1031 val_bpb:1.2456 train_time:334850ms step_avg:66.97ms
step:5200/20000 train_loss:2.1257 train_time:348215ms step_avg:66.96ms
step:5400/20000 train_loss:2.1433 train_time:361601ms step_avg:66.96ms
step:5600/20000 train_loss:2.1355 train_time:374989ms step_avg:66.96ms
step:5800/20000 train_loss:2.0939 train_time:388363ms step_avg:66.96ms
step:6000/20000 train_loss:2.1713 train_time:401735ms step_avg:66.96ms
step:6000/20000 val_loss:2.1005 val_bpb:1.2440 train_time:401756ms step_avg:66.96ms
step:6200/20000 train_loss:2.0361 train_time:415109ms step_avg:66.95ms
step:6400/20000 train_loss:2.1125 train_time:428480ms step_avg:66.95ms
step:6600/20000 train_loss:2.0612 train_time:441848ms step_avg:66.95ms
step:6800/20000 train_loss:2.1154 train_time:455211ms step_avg:66.94ms
step:7000/20000 train_loss:2.1514 train_time:468585ms step_avg:66.94ms
step:7000/20000 val_loss:2.0546 val_bpb:1.2169 train_time:468606ms step_avg:66.94ms
step:7200/20000 train_loss:2.1186 train_time:481993ms step_avg:66.94ms
step:7400/20000 train_loss:2.0310 train_time:495399ms step_avg:66.95ms
step:7600/20000 train_loss:1.8998 train_time:508802ms step_avg:66.95ms
step:7800/20000 train_loss:2.0379 train_time:522321ms step_avg:66.96ms
step:8000/20000 train_loss:2.0024 train_time:535704ms step_avg:66.96ms
step:8000/20000 val_loss:2.0030 val_bpb:1.1863 train_time:535726ms step_avg:66.97ms
step:8200/20000 train_loss:2.0635 train_time:549160ms step_avg:66.97ms
step:8400/20000 train_loss:1.9928 train_time:562719ms step_avg:66.99ms
step:8600/20000 train_loss:1.9960 train_time:576190ms step_avg:67.00ms
step:8800/20000 train_loss:1.9415 train_time:589634ms step_avg:67.00ms
step:8954/20000 val_loss:1.9463 val_bpb:1.1527 train_time:599977ms step_avg:67.01ms
stopping_early: wallclock_cap train_time:599977ms step:8954/20000
peak memory allocated: 13958 MiB reserved: 14100 MiB
swa: averaging 7 checkpoints
Serialized model: 105789375 bytes
Code size: 63180 bytes
Total submission size: 105852555 bytes
Serialized model int8+zlib: 16148759 bytes (payload:27057508 raw_torch:27113999 payload_ratio:3.91x)
Total submission size int8+zlib: 16211939 bytes
final_int8_zlib_roundtrip val_loss:1.9640 val_bpb:1.1632 eval_time:2096ms eval_seq_len:2048
final_int8_zlib_roundtrip_exact val_loss:1.96402846 val_bpb:1.16320828
ttt_epoch:1/5 loss:1.9630 time:16.1s
ttt_epoch:2/5 loss:1.9612 time:32.0s
ttt_epoch:3/5 loss:1.9605 time:47.9s
ttt_epoch:4/5 loss:1.9601 time:63.9s
ttt_epoch:5/5 loss:1.9598 time:79.8s
ttt:done elapsed=79.8s
ttt:complete time:79819ms
final_sliding_window val_loss:1.9216 val_bpb:1.1381 eval_time:185937ms stride:64 seq_len:2048
final_sliding_window_exact val_loss:1.92156851 val_bpb:1.13806412
