W0320 23:18:21.974000 380426 torch/distributed/run.py:803] 
W0320 23:18:21.974000 380426 torch/distributed/run.py:803] *****************************************
W0320 23:18:21.974000 380426 torch/distributed/run.py:803] Setting OMP_NUM_THREADS environment variable for each process to be 1 in default, to avoid your system being overloaded, please further tune the variable for optimal performance in your application as needed. 
W0320 23:18:21.974000 380426 torch/distributed/run.py:803] *****************************************
logs/6326fd7a-8832-456f-aa6d-1c52c8ffd089.txt
val_bpb:enabled tokenizer_kind=sentencepiece tokenizer_path=./data/tokenizers/fineweb_1024_bpe.model
train_loader:dataset:fineweb10B_sp1024 train_shards:80
val_loader:shards pattern=./data/datasets/fineweb10B_sp1024/fineweb_val_*.bin tokens:62021632
model_params:26829913
world_size:8 grad_accum_steps:1
sdp_backends:cudnn=False flash=True mem_efficient=False math=False
attention_mode:gqa num_heads:8 num_kv_heads:4
tie_embeddings:True embed_lr:0.035 head_lr:0.0 matrix_lr:0.025 scalar_lr:0.025
train_batch_tokens:524288 train_seq_len:2048 iterations:20000 warmup_steps:20 max_wallclock_seconds:600.000
seed:1338
warmup_step:1/20
warmup_step:2/20
warmup_step:3/20
warmup_step:4/20
warmup_step:5/20
warmup_step:6/20
warmup_step:7/20
warmup_step:8/20
warmup_step:9/20
warmup_step:10/20
warmup_step:11/20
warmup_step:12/20
warmup_step:13/20
warmup_step:14/20
warmup_step:15/20
warmup_step:16/20
warmup_step:17/20
warmup_step:18/20
warmup_step:19/20
warmup_step:20/20
step:0/20000 val_loss:6.9292 val_bpb:4.1038 train_time:0ms step_avg:0.03ms
step:1/20000 train_loss:6.9299 train_time:151ms step_avg:151.05ms
step:2/20000 train_loss:8.5826 train_time:212ms step_avg:105.77ms
step:3/20000 train_loss:7.7831 train_time:284ms step_avg:94.79ms
step:4/20000 train_loss:7.3582 train_time:358ms step_avg:89.54ms
step:5/20000 train_loss:6.9089 train_time:431ms step_avg:86.12ms
step:6/20000 train_loss:7.8032 train_time:503ms step_avg:83.77ms
step:7/20000 train_loss:6.9660 train_time:575ms step_avg:82.16ms
step:8/20000 train_loss:6.8002 train_time:648ms step_avg:81.02ms
step:9/20000 train_loss:6.6281 train_time:721ms step_avg:80.14ms
step:10/20000 train_loss:6.3670 train_time:794ms step_avg:79.41ms
step:200/20000 train_loss:2.7685 train_time:13520ms step_avg:67.60ms
step:400/20000 train_loss:2.2736 train_time:26952ms step_avg:67.38ms
step:600/20000 train_loss:2.4603 train_time:40404ms step_avg:67.34ms
step:800/20000 train_loss:2.2194 train_time:53881ms step_avg:67.35ms
step:1000/20000 train_loss:2.3213 train_time:67336ms step_avg:67.34ms
step:1000/20000 val_loss:2.2684 val_bpb:1.3435 train_time:67360ms step_avg:67.36ms
step:1200/20000 train_loss:2.3400 train_time:80768ms step_avg:67.31ms
step:1400/20000 train_loss:2.3773 train_time:94153ms step_avg:67.25ms
step:1600/20000 train_loss:2.0461 train_time:107545ms step_avg:67.22ms
step:1800/20000 train_loss:2.1492 train_time:120942ms step_avg:67.19ms
step:2000/20000 train_loss:2.1940 train_time:134333ms step_avg:67.17ms
step:2000/20000 val_loss:2.1712 val_bpb:1.2859 train_time:134357ms step_avg:67.18ms
step:2200/20000 train_loss:2.0043 train_time:147714ms step_avg:67.14ms
step:2400/20000 train_loss:2.1325 train_time:161098ms step_avg:67.12ms
step:2600/20000 train_loss:2.3643 train_time:174471ms step_avg:67.10ms
step:2800/20000 train_loss:2.1732 train_time:187858ms step_avg:67.09ms
step:3000/20000 train_loss:2.1576 train_time:201285ms step_avg:67.09ms
step:3000/20000 val_loss:2.1280 val_bpb:1.2603 train_time:201307ms step_avg:67.10ms
step:3200/20000 train_loss:2.1245 train_time:214713ms step_avg:67.10ms
step:3400/20000 train_loss:2.0996 train_time:228137ms step_avg:67.10ms
step:3600/20000 train_loss:2.0386 train_time:241558ms step_avg:67.10ms
step:3800/20000 train_loss:2.1527 train_time:254981ms step_avg:67.10ms
step:4000/20000 train_loss:2.1197 train_time:268392ms step_avg:67.10ms
step:4000/20000 val_loss:2.1094 val_bpb:1.2493 train_time:268416ms step_avg:67.10ms
step:4200/20000 train_loss:2.1137 train_time:281907ms step_avg:67.12ms
step:4400/20000 train_loss:2.0566 train_time:295322ms step_avg:67.12ms
step:4600/20000 train_loss:1.9177 train_time:308732ms step_avg:67.12ms
step:4800/20000 train_loss:2.2053 train_time:322138ms step_avg:67.11ms
step:5000/20000 train_loss:1.9651 train_time:335546ms step_avg:67.11ms
step:5000/20000 val_loss:2.1004 val_bpb:1.2440 train_time:335568ms step_avg:67.11ms
step:5200/20000 train_loss:2.1237 train_time:348920ms step_avg:67.10ms
step:5400/20000 train_loss:2.1385 train_time:362300ms step_avg:67.09ms
step:5600/20000 train_loss:2.1366 train_time:375673ms step_avg:67.08ms
step:5800/20000 train_loss:2.0861 train_time:389056ms step_avg:67.08ms
step:6000/20000 train_loss:2.1736 train_time:402438ms step_avg:67.07ms
step:6000/20000 val_loss:2.0957 val_bpb:1.2412 train_time:402460ms step_avg:67.08ms
step:6200/20000 train_loss:2.0360 train_time:415833ms step_avg:67.07ms
step:6400/20000 train_loss:2.1114 train_time:429236ms step_avg:67.07ms
step:6600/20000 train_loss:2.0587 train_time:442640ms step_avg:67.07ms
step:6800/20000 train_loss:2.1090 train_time:456047ms step_avg:67.07ms
step:7000/20000 train_loss:2.1491 train_time:469457ms step_avg:67.07ms
step:7000/20000 val_loss:2.0513 val_bpb:1.2149 train_time:469479ms step_avg:67.07ms
step:7200/20000 train_loss:2.1113 train_time:482885ms step_avg:67.07ms
step:7400/20000 train_loss:2.0288 train_time:496307ms step_avg:67.07ms
step:7600/20000 train_loss:1.8929 train_time:509727ms step_avg:67.07ms
step:7800/20000 train_loss:2.0365 train_time:523261ms step_avg:67.08ms
step:8000/20000 train_loss:2.0008 train_time:536730ms step_avg:67.09ms
step:8000/20000 val_loss:1.9987 val_bpb:1.1837 train_time:536753ms step_avg:67.09ms
step:8200/20000 train_loss:2.0599 train_time:550198ms step_avg:67.10ms
step:8400/20000 train_loss:1.9907 train_time:563764ms step_avg:67.11ms
step:8600/20000 train_loss:1.9920 train_time:577187ms step_avg:67.11ms
step:8800/20000 train_loss:1.9381 train_time:590646ms step_avg:67.12ms
step:8939/20000 val_loss:1.9428 val_bpb:1.1506 train_time:599972ms step_avg:67.12ms
stopping_early: wallclock_cap train_time:599972ms step:8939/20000
peak memory allocated: 13958 MiB reserved: 14100 MiB
swa: averaging 7 checkpoints
Serialized model: 105789375 bytes
Code size: 63180 bytes
Total submission size: 105852555 bytes
Serialized model int8+zlib: 15574119 bytes (payload:27057508 raw_torch:27113999 payload_ratio:3.91x)
Total submission size int8+zlib: 15637299 bytes
final_int8_zlib_roundtrip val_loss:1.9609 val_bpb:1.1613 eval_time:2132ms eval_seq_len:2048
final_int8_zlib_roundtrip_exact val_loss:1.96087766 val_bpb:1.16134220
ttt_epoch:1/20 loss:1.9557 time:16.5s
ttt_epoch:2/20 loss:1.9530 time:32.7s
ttt_epoch:3/20 loss:1.9518 time:49.0s
ttt_epoch:4/20 loss:1.9509 time:65.3s
ttt_epoch:5/20 loss:1.9501 time:81.6s
ttt_epoch:6/20 loss:1.9495 time:97.9s
ttt_epoch:7/20 loss:1.9489 time:114.1s
ttt_epoch:8/20 loss:1.9484 time:130.4s
ttt_epoch:9/20 loss:1.9479 time:146.7s
ttt_epoch:10/20 loss:1.9475 time:163.0s
ttt_epoch:11/20 loss:1.9471 time:179.3s
ttt_epoch:12/20 loss:1.9467 time:195.5s
ttt_epoch:13/20 loss:1.9463 time:211.8s
ttt_epoch:14/20 loss:1.9459 time:228.1s
ttt_epoch:15/20 loss:1.9456 time:244.4s
ttt_epoch:16/20 loss:1.9453 time:260.6s
ttt_epoch:17/20 loss:1.9449 time:276.9s
ttt_epoch:18/20 loss:1.9446 time:293.2s
ttt_epoch:19/20 loss:1.9443 time:309.5s
ttt_epoch:20/20 loss:1.9440 time:325.8s
ttt:done elapsed=325.8s
ttt:complete time:325790ms
final_sliding_window val_loss:1.9058 val_bpb:1.1287 eval_time:186187ms stride:64 seq_len:2048
final_sliding_window_exact val_loss:1.90579315 val_bpb:1.12872104
