W0320 19:33:53.134000 367073 torch/distributed/run.py:803] 
W0320 19:33:53.134000 367073 torch/distributed/run.py:803] *****************************************
W0320 19:33:53.134000 367073 torch/distributed/run.py:803] Setting OMP_NUM_THREADS environment variable for each process to be 1 in default, to avoid your system being overloaded, please further tune the variable for optimal performance in your application as needed. 
W0320 19:33:53.134000 367073 torch/distributed/run.py:803] *****************************************
logs/1fe53ff0-9bb1-41cc-9242-301384b8fb94.txt
val_bpb:enabled tokenizer_kind=sentencepiece tokenizer_path=./data/tokenizers/fineweb_1024_bpe.model
train_loader:dataset:fineweb10B_sp1024 train_shards:80
val_loader:shards pattern=./data/datasets/fineweb10B_sp1024/fineweb_val_*.bin tokens:62021632
model_params:26829913
world_size:8 grad_accum_steps:1
sdp_backends:cudnn=False flash=True mem_efficient=False math=False
attention_mode:gqa num_heads:8 num_kv_heads:4
tie_embeddings:True embed_lr:0.035 head_lr:0.0 matrix_lr:0.025 scalar_lr:0.025
train_batch_tokens:524288 train_seq_len:2048 iterations:20000 warmup_steps:20 max_wallclock_seconds:600.000
seed:1337
warmup_step:1/20
warmup_step:2/20
warmup_step:3/20
warmup_step:4/20
warmup_step:5/20
warmup_step:6/20
warmup_step:7/20
warmup_step:8/20
warmup_step:9/20
warmup_step:10/20
warmup_step:11/20
warmup_step:12/20
warmup_step:13/20
warmup_step:14/20
warmup_step:15/20
warmup_step:16/20
warmup_step:17/20
warmup_step:18/20
warmup_step:19/20
warmup_step:20/20
step:0/20000 val_loss:6.9303 val_bpb:4.1045 train_time:0ms step_avg:0.02ms
step:1/20000 train_loss:6.9315 train_time:123ms step_avg:123.20ms
step:2/20000 train_loss:8.6361 train_time:182ms step_avg:90.84ms
step:3/20000 train_loss:7.8457 train_time:253ms step_avg:84.41ms
step:4/20000 train_loss:7.3984 train_time:325ms step_avg:81.16ms
step:5/20000 train_loss:7.0356 train_time:397ms step_avg:79.37ms
step:6/20000 train_loss:7.9151 train_time:471ms step_avg:78.53ms
step:7/20000 train_loss:6.9203 train_time:542ms step_avg:77.44ms
step:8/20000 train_loss:6.7477 train_time:614ms step_avg:76.72ms
step:9/20000 train_loss:6.4221 train_time:685ms step_avg:76.15ms
step:10/20000 train_loss:6.2252 train_time:757ms step_avg:75.71ms
step:200/20000 train_loss:2.7690 train_time:13420ms step_avg:67.10ms
step:400/20000 train_loss:2.2596 train_time:26798ms step_avg:66.99ms
step:600/20000 train_loss:2.4690 train_time:40212ms step_avg:67.02ms
step:800/20000 train_loss:2.2215 train_time:53671ms step_avg:67.09ms
step:1000/20000 train_loss:2.3158 train_time:67110ms step_avg:67.11ms
step:1000/20000 val_loss:2.2725 val_bpb:1.3459 train_time:67133ms step_avg:67.13ms
step:1200/20000 train_loss:2.3386 train_time:80561ms step_avg:67.13ms
step:1400/20000 train_loss:2.3731 train_time:94002ms step_avg:67.14ms
step:1600/20000 train_loss:2.0458 train_time:107443ms step_avg:67.15ms
step:1800/20000 train_loss:2.1498 train_time:120923ms step_avg:67.18ms
step:2000/20000 train_loss:2.1908 train_time:134405ms step_avg:67.20ms
step:2000/20000 val_loss:2.1725 val_bpb:1.2867 train_time:134430ms step_avg:67.22ms
step:2200/20000 train_loss:2.0135 train_time:147841ms step_avg:67.20ms
step:2400/20000 train_loss:2.1346 train_time:161275ms step_avg:67.20ms
step:2600/20000 train_loss:2.3653 train_time:174706ms step_avg:67.19ms
step:2800/20000 train_loss:2.1734 train_time:188116ms step_avg:67.18ms
step:3000/20000 train_loss:2.1657 train_time:201532ms step_avg:67.18ms
step:3000/20000 val_loss:2.1318 val_bpb:1.2626 train_time:201554ms step_avg:67.18ms
step:3200/20000 train_loss:2.1287 train_time:214948ms step_avg:67.17ms
step:3400/20000 train_loss:2.1043 train_time:228382ms step_avg:67.17ms
step:3600/20000 train_loss:2.0472 train_time:241796ms step_avg:67.17ms
step:3800/20000 train_loss:2.1510 train_time:255200ms step_avg:67.16ms
step:4000/20000 train_loss:2.1224 train_time:268607ms step_avg:67.15ms
step:4000/20000 val_loss:2.1135 val_bpb:1.2518 train_time:268631ms step_avg:67.16ms
step:4200/20000 train_loss:2.1111 train_time:282112ms step_avg:67.17ms
step:4400/20000 train_loss:2.0560 train_time:295540ms step_avg:67.17ms
step:4600/20000 train_loss:1.9226 train_time:308960ms step_avg:67.17ms
step:4800/20000 train_loss:2.2066 train_time:322382ms step_avg:67.16ms
step:5000/20000 train_loss:1.9668 train_time:335800ms step_avg:67.16ms
step:5000/20000 val_loss:2.1027 val_bpb:1.2453 train_time:335823ms step_avg:67.16ms
step:5200/20000 train_loss:2.1266 train_time:349232ms step_avg:67.16ms
step:5400/20000 train_loss:2.1476 train_time:362689ms step_avg:67.16ms
step:5600/20000 train_loss:2.1349 train_time:376136ms step_avg:67.17ms
step:5800/20000 train_loss:2.0932 train_time:389599ms step_avg:67.17ms
step:6000/20000 train_loss:2.1762 train_time:403048ms step_avg:67.17ms
step:6000/20000 val_loss:2.0991 val_bpb:1.2432 train_time:403070ms step_avg:67.18ms
step:6200/20000 train_loss:2.0404 train_time:416496ms step_avg:67.18ms
step:6400/20000 train_loss:2.1138 train_time:429877ms step_avg:67.17ms
step:6600/20000 train_loss:2.0610 train_time:443249ms step_avg:67.16ms
step:6800/20000 train_loss:2.1139 train_time:456631ms step_avg:67.15ms
step:7000/20000 train_loss:2.1531 train_time:470009ms step_avg:67.14ms
step:7000/20000 val_loss:2.0542 val_bpb:1.2166 train_time:470032ms step_avg:67.15ms
step:7200/20000 train_loss:2.1196 train_time:483414ms step_avg:67.14ms
step:7400/20000 train_loss:2.0332 train_time:496834ms step_avg:67.14ms
step:7600/20000 train_loss:1.8974 train_time:510266ms step_avg:67.14ms
step:7800/20000 train_loss:2.0392 train_time:523807ms step_avg:67.15ms
step:8000/20000 train_loss:1.9974 train_time:537271ms step_avg:67.16ms
step:8000/20000 val_loss:2.0017 val_bpb:1.1855 train_time:537296ms step_avg:67.16ms
step:8200/20000 train_loss:2.0642 train_time:550726ms step_avg:67.16ms
step:8400/20000 train_loss:1.9935 train_time:564357ms step_avg:67.19ms
step:8600/20000 train_loss:1.9959 train_time:577925ms step_avg:67.20ms
step:8800/20000 train_loss:1.9397 train_time:591499ms step_avg:67.22ms
step:8925/20000 val_loss:1.9468 val_bpb:1.1530 train_time:599948ms step_avg:67.22ms
stopping_early: wallclock_cap train_time:599948ms step:8925/20000
peak memory allocated: 13958 MiB reserved: 14100 MiB
swa: averaging 7 checkpoints
Serialized model: 105789375 bytes
Code size: 63180 bytes
Total submission size: 105852555 bytes
Serialized model int8+zlib: 15887391 bytes (payload:27057508 raw_torch:27113999 payload_ratio:3.91x)
Total submission size int8+zlib: 15950571 bytes
final_int8_zlib_roundtrip val_loss:1.9643 val_bpb:1.1633 eval_time:2112ms eval_seq_len:2048
final_int8_zlib_roundtrip_exact val_loss:1.96425110 val_bpb:1.16334014
ttt_epoch:1/3 loss:1.9637 time:16.1s
ttt_epoch:2/3 loss:1.9622 time:32.1s
ttt_epoch:3/3 loss:1.9616 time:48.0s
ttt:done elapsed=48.0s
ttt:complete time:48022ms
final_sliding_window val_loss:1.9230 val_bpb:1.1389 eval_time:185950ms stride:64 seq_len:2048
final_sliding_window_exact val_loss:1.92300165 val_bpb:1.13891291
