W0321 02:57:01.780000 392875 torch/distributed/run.py:803] 
W0321 02:57:01.780000 392875 torch/distributed/run.py:803] *****************************************
W0321 02:57:01.780000 392875 torch/distributed/run.py:803] Setting OMP_NUM_THREADS environment variable for each process to be 1 in default, to avoid your system being overloaded, please further tune the variable for optimal performance in your application as needed. 
W0321 02:57:01.780000 392875 torch/distributed/run.py:803] *****************************************
logs/71b67b82-ff83-4069-a3e6-8bb8b995d411.txt
val_bpb:enabled tokenizer_kind=sentencepiece tokenizer_path=./data/tokenizers/fineweb_1024_bpe.model
train_loader:dataset:fineweb10B_sp1024 train_shards:80
val_loader:shards pattern=./data/datasets/fineweb10B_sp1024/fineweb_val_*.bin tokens:62021632
model_params:26829913
world_size:8 grad_accum_steps:1
sdp_backends:cudnn=False flash=True mem_efficient=False math=False
attention_mode:gqa num_heads:8 num_kv_heads:4
tie_embeddings:True embed_lr:0.035 head_lr:0.0 matrix_lr:0.025 scalar_lr:0.025
train_batch_tokens:524288 train_seq_len:2048 iterations:20000 warmup_steps:20 max_wallclock_seconds:600.000
seed:1338
warmup_step:1/20
warmup_step:2/20
warmup_step:3/20
warmup_step:4/20
warmup_step:5/20
warmup_step:6/20
warmup_step:7/20
warmup_step:8/20
warmup_step:9/20
warmup_step:10/20
warmup_step:11/20
warmup_step:12/20
warmup_step:13/20
warmup_step:14/20
warmup_step:15/20
warmup_step:16/20
warmup_step:17/20
warmup_step:18/20
warmup_step:19/20
warmup_step:20/20
step:0/20000 val_loss:6.9292 val_bpb:4.1038 train_time:0ms step_avg:0.02ms
step:1/20000 train_loss:6.9299 train_time:121ms step_avg:120.52ms
step:2/20000 train_loss:8.5826 train_time:181ms step_avg:90.31ms
step:3/20000 train_loss:7.7830 train_time:253ms step_avg:84.30ms
step:4/20000 train_loss:7.3582 train_time:325ms step_avg:81.14ms
step:5/20000 train_loss:6.9089 train_time:397ms step_avg:79.45ms
step:6/20000 train_loss:7.8034 train_time:469ms step_avg:78.24ms
step:7/20000 train_loss:6.9660 train_time:541ms step_avg:77.30ms
step:8/20000 train_loss:6.8003 train_time:613ms step_avg:76.59ms
step:9/20000 train_loss:6.6280 train_time:685ms step_avg:76.16ms
step:10/20000 train_loss:6.3677 train_time:758ms step_avg:75.80ms
step:200/20000 train_loss:2.7620 train_time:13396ms step_avg:66.98ms
step:400/20000 train_loss:2.2571 train_time:26752ms step_avg:66.88ms
step:600/20000 train_loss:2.4645 train_time:40144ms step_avg:66.91ms
step:800/20000 train_loss:2.2187 train_time:53606ms step_avg:67.01ms
step:1000/20000 train_loss:2.3186 train_time:67072ms step_avg:67.07ms
step:1000/20000 val_loss:2.2684 val_bpb:1.3435 train_time:67096ms step_avg:67.10ms
step:1200/20000 train_loss:2.3349 train_time:80479ms step_avg:67.07ms
step:1400/20000 train_loss:2.3721 train_time:93883ms step_avg:67.06ms
step:1600/20000 train_loss:2.0437 train_time:107267ms step_avg:67.04ms
step:1800/20000 train_loss:2.1467 train_time:120673ms step_avg:67.04ms
step:2000/20000 train_loss:2.1880 train_time:134076ms step_avg:67.04ms
step:2000/20000 val_loss:2.1694 val_bpb:1.2849 train_time:134096ms step_avg:67.05ms
step:2200/20000 train_loss:2.0065 train_time:147487ms step_avg:67.04ms
step:2400/20000 train_loss:2.1326 train_time:160906ms step_avg:67.04ms
step:2600/20000 train_loss:2.3669 train_time:174304ms step_avg:67.04ms
step:2800/20000 train_loss:2.1752 train_time:187720ms step_avg:67.04ms
step:3000/20000 train_loss:2.1585 train_time:201123ms step_avg:67.04ms
step:3000/20000 val_loss:2.1281 val_bpb:1.2604 train_time:201145ms step_avg:67.05ms
step:3200/20000 train_loss:2.1249 train_time:214508ms step_avg:67.03ms
step:3400/20000 train_loss:2.0989 train_time:227900ms step_avg:67.03ms
step:3600/20000 train_loss:2.0386 train_time:241286ms step_avg:67.02ms
step:3800/20000 train_loss:2.1508 train_time:254677ms step_avg:67.02ms
step:4000/20000 train_loss:2.1195 train_time:268070ms step_avg:67.02ms
step:4000/20000 val_loss:2.1101 val_bpb:1.2497 train_time:268094ms step_avg:67.02ms
step:4200/20000 train_loss:2.1176 train_time:281601ms step_avg:67.05ms
step:4400/20000 train_loss:2.0559 train_time:295041ms step_avg:67.05ms
step:4600/20000 train_loss:1.9118 train_time:308479ms step_avg:67.06ms
step:4800/20000 train_loss:2.2053 train_time:321912ms step_avg:67.06ms
step:5000/20000 train_loss:1.9629 train_time:335337ms step_avg:67.07ms
step:5000/20000 val_loss:2.1003 val_bpb:1.2439 train_time:335360ms step_avg:67.07ms
step:5200/20000 train_loss:2.1241 train_time:348769ms step_avg:67.07ms
step:5400/20000 train_loss:2.1386 train_time:362195ms step_avg:67.07ms
step:5600/20000 train_loss:2.1340 train_time:375606ms step_avg:67.07ms
step:5800/20000 train_loss:2.0864 train_time:389023ms step_avg:67.07ms
step:6000/20000 train_loss:2.1751 train_time:402434ms step_avg:67.07ms
step:6000/20000 val_loss:2.0952 val_bpb:1.2409 train_time:402458ms step_avg:67.08ms
step:6200/20000 train_loss:2.0353 train_time:415859ms step_avg:67.07ms
step:6400/20000 train_loss:2.1090 train_time:429273ms step_avg:67.07ms
step:6600/20000 train_loss:2.0570 train_time:442685ms step_avg:67.07ms
step:6800/20000 train_loss:2.1065 train_time:456105ms step_avg:67.07ms
step:7000/20000 train_loss:2.1503 train_time:469528ms step_avg:67.08ms
step:7000/20000 val_loss:2.0509 val_bpb:1.2147 train_time:469550ms step_avg:67.08ms
step:7200/20000 train_loss:2.1148 train_time:482900ms step_avg:67.07ms
step:7400/20000 train_loss:2.0311 train_time:496269ms step_avg:67.06ms
step:7600/20000 train_loss:1.8954 train_time:509681ms step_avg:67.06ms
step:7800/20000 train_loss:2.0354 train_time:523222ms step_avg:67.08ms
step:8000/20000 train_loss:1.9955 train_time:536703ms step_avg:67.09ms
step:8000/20000 val_loss:1.9987 val_bpb:1.1837 train_time:536726ms step_avg:67.09ms
step:8200/20000 train_loss:2.0591 train_time:550201ms step_avg:67.10ms
step:8400/20000 train_loss:1.9928 train_time:563778ms step_avg:67.12ms
step:8600/20000 train_loss:1.9876 train_time:577202ms step_avg:67.12ms
step:8800/20000 train_loss:1.9397 train_time:590629ms step_avg:67.12ms
step:8939/20000 val_loss:1.9427 val_bpb:1.1506 train_time:599961ms step_avg:67.12ms
stopping_early: wallclock_cap train_time:599961ms step:8939/20000
peak memory allocated: 13958 MiB reserved: 14100 MiB
swa: averaging 7 checkpoints
Serialized model: 105789375 bytes
Code size: 63365 bytes
Total submission size: 105852740 bytes
Serialized model int8+zlib: 15572420 bytes (payload:27057508 raw_torch:27113999 payload_ratio:3.91x)
Total submission size int8+zlib: 15635785 bytes
final_int8_zlib_roundtrip val_loss:1.9598 val_bpb:1.1607 eval_time:2094ms eval_seq_len:2048
final_int8_zlib_roundtrip_exact val_loss:1.95977739 val_bpb:1.16069056
ttt_epoch:1/20 loss:1.9763 time:16.6s
ttt_epoch:2/20 loss:1.9406 time:32.9s
ttt_epoch:3/20 loss:1.9226 time:49.3s
ttt_epoch:4/20 loss:1.9083 time:65.7s
ttt_epoch:5/20 loss:1.8955 time:82.0s
ttt_epoch:6/20 loss:1.8841 time:98.4s
ttt_epoch:7/20 loss:1.8735 time:114.8s
ttt_epoch:8/20 loss:1.8635 time:131.1s
ttt_epoch:9/20 loss:1.8547 time:147.5s
ttt_epoch:10/20 loss:1.8472 time:163.9s
ttt_epoch:11/20 loss:1.8389 time:180.2s
ttt_epoch:12/20 loss:1.8312 time:196.6s
ttt_epoch:13/20 loss:1.8243 time:213.0s
ttt_epoch:14/20 loss:1.8182 time:229.3s
ttt_epoch:15/20 loss:1.8122 time:245.7s
ttt_epoch:16/20 loss:1.8066 time:262.1s
ttt_epoch:17/20 loss:1.8008 time:278.4s
ttt_epoch:18/20 loss:1.7952 time:294.8s
ttt_epoch:19/20 loss:1.7897 time:311.2s
ttt_epoch:20/20 loss:1.7836 time:327.5s
ttt:done elapsed=327.6s
ttt:complete time:327564ms
final_sliding_window val_loss:1.8142 val_bpb:1.0745 eval_time:186197ms stride:64 seq_len:2048
final_sliding_window_exact val_loss:1.81421976 val_bpb:1.07448597
