W0321 07:03:55.689000 422357 torch/distributed/run.py:803] 
W0321 07:03:55.689000 422357 torch/distributed/run.py:803] *****************************************
W0321 07:03:55.689000 422357 torch/distributed/run.py:803] Setting OMP_NUM_THREADS environment variable for each process to be 1 in default, to avoid your system being overloaded, please further tune the variable for optimal performance in your application as needed. 
W0321 07:03:55.689000 422357 torch/distributed/run.py:803] *****************************************
logs/63814647-ba6a-4575-9c1d-11297f4d2d52.txt
val_bpb:enabled tokenizer_kind=sentencepiece tokenizer_path=./data/tokenizers/fineweb_1024_bpe.model
train_loader:dataset:fineweb10B_sp1024 train_shards:80
val_loader:shards pattern=./data/datasets/fineweb10B_sp1024/fineweb_val_*.bin tokens:62021632
model_params:26829913
world_size:8 grad_accum_steps:1
sdp_backends:cudnn=False flash=True mem_efficient=False math=False
attention_mode:gqa num_heads:8 num_kv_heads:4
tie_embeddings:True embed_lr:0.035 head_lr:0.0 matrix_lr:0.025 scalar_lr:0.025
train_batch_tokens:524288 train_seq_len:2048 iterations:20000 warmup_steps:20 max_wallclock_seconds:600.000
seed:1338
warmup_step:1/20
warmup_step:2/20
warmup_step:3/20
warmup_step:4/20
warmup_step:5/20
warmup_step:6/20
warmup_step:7/20
warmup_step:8/20
warmup_step:9/20
warmup_step:10/20
warmup_step:11/20
warmup_step:12/20
warmup_step:13/20
warmup_step:14/20
warmup_step:15/20
warmup_step:16/20
warmup_step:17/20
warmup_step:18/20
warmup_step:19/20
warmup_step:20/20
step:0/20000 val_loss:6.9292 val_bpb:4.1038 train_time:0ms step_avg:0.02ms
step:1/20000 train_loss:6.9299 train_time:130ms step_avg:130.03ms
step:2/20000 train_loss:8.7043 train_time:199ms step_avg:99.72ms
step:3/20000 train_loss:7.7823 train_time:273ms step_avg:91.12ms
step:4/20000 train_loss:7.3019 train_time:347ms step_avg:86.78ms
step:5/20000 train_loss:6.9112 train_time:421ms step_avg:84.24ms
step:6/20000 train_loss:7.8684 train_time:495ms step_avg:82.42ms
step:7/20000 train_loss:6.9013 train_time:569ms step_avg:81.28ms
step:8/20000 train_loss:6.7022 train_time:643ms step_avg:80.42ms
step:9/20000 train_loss:6.4802 train_time:717ms step_avg:79.70ms
step:10/20000 train_loss:6.2428 train_time:791ms step_avg:79.15ms
step:200/20000 train_loss:2.7884 train_time:13821ms step_avg:69.10ms
step:400/20000 train_loss:2.2755 train_time:27582ms step_avg:68.95ms
step:600/20000 train_loss:2.4765 train_time:41381ms step_avg:68.97ms
step:800/20000 train_loss:2.2232 train_time:55177ms step_avg:68.97ms
step:1000/20000 train_loss:2.3245 train_time:68969ms step_avg:68.97ms
step:1000/20000 val_loss:2.2798 val_bpb:1.3502 train_time:68982ms step_avg:68.98ms
step:1200/20000 train_loss:2.3428 train_time:82747ms step_avg:68.96ms
step:1400/20000 train_loss:2.3804 train_time:96526ms step_avg:68.95ms
step:1600/20000 train_loss:2.0429 train_time:110308ms step_avg:68.94ms
step:1800/20000 train_loss:2.1487 train_time:124108ms step_avg:68.95ms
step:2000/20000 train_loss:2.1875 train_time:137902ms step_avg:68.95ms
step:2000/20000 val_loss:2.1712 val_bpb:1.2859 train_time:137914ms step_avg:68.96ms
step:2200/20000 train_loss:2.0092 train_time:151710ms step_avg:68.96ms
step:2400/20000 train_loss:2.1314 train_time:165517ms step_avg:68.97ms
step:2600/20000 train_loss:2.3630 train_time:179330ms step_avg:68.97ms
step:2800/20000 train_loss:2.1693 train_time:193133ms step_avg:68.98ms
step:3000/20000 train_loss:2.1628 train_time:206949ms step_avg:68.98ms
step:3000/20000 val_loss:2.1275 val_bpb:1.2600 train_time:206963ms step_avg:68.99ms
step:3200/20000 train_loss:2.1232 train_time:220788ms step_avg:69.00ms
step:3400/20000 train_loss:2.0968 train_time:234611ms step_avg:69.00ms
step:3600/20000 train_loss:2.0411 train_time:248453ms step_avg:69.01ms
step:3800/20000 train_loss:2.1459 train_time:262290ms step_avg:69.02ms
step:4000/20000 train_loss:2.1171 train_time:276110ms step_avg:69.03ms
step:4000/20000 val_loss:2.1071 val_bpb:1.2480 train_time:276122ms step_avg:69.03ms
step:4200/20000 train_loss:2.1104 train_time:290035ms step_avg:69.06ms
step:4400/20000 train_loss:2.0484 train_time:303846ms step_avg:69.06ms
step:4600/20000 train_loss:1.9115 train_time:317662ms step_avg:69.06ms
step:4800/20000 train_loss:2.2031 train_time:331486ms step_avg:69.06ms
step:5000/20000 train_loss:1.9589 train_time:345340ms step_avg:69.07ms
step:5000/20000 val_loss:2.0972 val_bpb:1.2421 train_time:345353ms step_avg:69.07ms
step:5200/20000 train_loss:2.1202 train_time:359155ms step_avg:69.07ms
step:5400/20000 train_loss:2.1445 train_time:372960ms step_avg:69.07ms
step:5600/20000 train_loss:2.1344 train_time:386752ms step_avg:69.06ms
step:5800/20000 train_loss:2.0830 train_time:400558ms step_avg:69.06ms
step:6000/20000 train_loss:2.1545 train_time:414392ms step_avg:69.07ms
step:6000/20000 val_loss:2.0848 val_bpb:1.2347 train_time:414406ms step_avg:69.07ms
step:6200/20000 train_loss:2.0240 train_time:428214ms step_avg:69.07ms
step:6400/20000 train_loss:2.0983 train_time:442037ms step_avg:69.07ms
step:6600/20000 train_loss:2.0420 train_time:455856ms step_avg:69.07ms
step:6800/20000 train_loss:2.0934 train_time:469675ms step_avg:69.07ms
step:7000/20000 train_loss:2.1318 train_time:483500ms step_avg:69.07ms
step:7000/20000 val_loss:2.0375 val_bpb:1.2067 train_time:483514ms step_avg:69.07ms
step:7200/20000 train_loss:2.0999 train_time:497330ms step_avg:69.07ms
step:7400/20000 train_loss:2.0097 train_time:511166ms step_avg:69.08ms
step:7600/20000 train_loss:1.8773 train_time:525008ms step_avg:69.08ms
step:7800/20000 train_loss:2.0209 train_time:538833ms step_avg:69.08ms
step:8000/20000 train_loss:1.9790 train_time:552663ms step_avg:69.08ms
step:8000/20000 val_loss:1.9808 val_bpb:1.1732 train_time:552676ms step_avg:69.08ms
step:8200/20000 train_loss:2.0453 train_time:566481ms step_avg:69.08ms
step:8386/20000 val_loss:1.9558 val_bpb:1.1583 train_time:640246ms step_avg:76.35ms
stopping_early: wallclock_cap train_time:640246ms step:8386/20000
peak memory allocated: 14324 MiB reserved: 14604 MiB
ema: loading EMA weights (decay=0.997)
Serialized model: 105789375 bytes
Code size: 65640 bytes
Total submission size: 105855015 bytes
grad_quant: adaptive precision for 69 tensors based on gradient sensitivity
Serialized model int8+zlib: 15211727 bytes (payload:27057508 raw_torch:27113999 payload_ratio:3.91x)
Total submission size int8+zlib: 15277367 bytes
final_int8_zlib_roundtrip val_loss:1.9544 val_bpb:1.1575 eval_time:2207ms eval_seq_len:2048
final_int8_zlib_roundtrip_exact val_loss:1.95442984 val_bpb:1.15752344
final_sliding_window val_loss:1.9160 val_bpb:1.1347 eval_time:201544ms stride:64 seq_len:2048
final_sliding_window_exact val_loss:1.91596129 val_bpb:1.13474320
