W0320 09:08:15.515000 41706 torch/distributed/run.py:803] 
W0320 09:08:15.515000 41706 torch/distributed/run.py:803] *****************************************
W0320 09:08:15.515000 41706 torch/distributed/run.py:803] Setting OMP_NUM_THREADS environment variable for each process to be 1 in default, to avoid your system being overloaded, please further tune the variable for optimal performance in your application as needed. 
W0320 09:08:15.515000 41706 torch/distributed/run.py:803] *****************************************
logs/2965bd15-621b-4852-a748-b88312d35fb1.txt
val_bpb:enabled tokenizer_kind=sentencepiece tokenizer_path=./data/tokenizers/fineweb_1024_bpe.model
train_loader:dataset:fineweb10B_sp1024 train_shards:80
val_loader:shards pattern=./data/datasets/fineweb10B_sp1024/fineweb_val_*.bin tokens:62021632
model_params:24140368
world_size:8 grad_accum_steps:1
sdp_backends:cudnn=False flash=True mem_efficient=False math=False
attention_mode:gqa num_heads:8 num_kv_heads:4
tie_embeddings:True embed_lr:0.03 head_lr:0.0 matrix_lr:0.02 scalar_lr:0.02
train_batch_tokens:786432 train_seq_len:2048 iterations:20000 warmup_steps:20 max_wallclock_seconds:600.000
seed:1337
warmup_step:1/20
warmup_step:2/20
warmup_step:3/20
warmup_step:4/20
warmup_step:5/20
warmup_step:6/20
warmup_step:7/20
warmup_step:8/20
warmup_step:9/20
warmup_step:10/20
warmup_step:11/20
warmup_step:12/20
warmup_step:13/20
warmup_step:14/20
warmup_step:15/20
warmup_step:16/20
warmup_step:17/20
warmup_step:18/20
warmup_step:19/20
warmup_step:20/20
step:0/20000 val_loss:6.9384 val_bpb:4.1093 train_time:0ms step_avg:0.02ms
step:1/20000 train_loss:6.9388 train_time:142ms step_avg:141.69ms
step:2/20000 train_loss:12.0445 train_time:209ms step_avg:104.59ms
step:3/20000 train_loss:10.7013 train_time:303ms step_avg:101.00ms
step:4/20000 train_loss:8.5721 train_time:397ms step_avg:99.24ms
step:5/20000 train_loss:6.9612 train_time:491ms step_avg:98.12ms
step:6/20000 train_loss:6.2034 train_time:584ms step_avg:97.41ms
step:7/20000 train_loss:6.0183 train_time:677ms step_avg:96.78ms
step:8/20000 train_loss:5.9393 train_time:771ms step_avg:96.36ms
step:9/20000 train_loss:5.9051 train_time:865ms step_avg:96.11ms
step:10/20000 train_loss:5.8163 train_time:959ms step_avg:95.89ms
step:200/20000 train_loss:2.4175 train_time:20599ms step_avg:102.99ms
step:400/20000 train_loss:2.4263 train_time:44199ms step_avg:110.50ms
step:600/20000 train_loss:2.3475 train_time:65003ms step_avg:108.34ms
step:800/20000 train_loss:2.2463 train_time:88488ms step_avg:110.61ms
step:1000/20000 train_loss:2.2813 train_time:109263ms step_avg:109.26ms
step:1000/20000 val_loss:2.2371 val_bpb:1.3249 train_time:109300ms step_avg:109.30ms
step:1200/20000 train_loss:2.3607 train_time:132662ms step_avg:110.55ms
step:1400/20000 train_loss:2.1924 train_time:156010ms step_avg:111.44ms
step:1600/20000 train_loss:2.0862 train_time:176703ms step_avg:110.44ms
step:1800/20000 train_loss:2.1659 train_time:200216ms step_avg:111.23ms
step:2000/20000 train_loss:2.0730 train_time:220903ms step_avg:110.45ms
step:2000/20000 val_loss:2.1406 val_bpb:1.2678 train_time:220938ms step_avg:110.47ms
step:2200/20000 train_loss:2.1662 train_time:244357ms step_avg:111.07ms
step:2400/20000 train_loss:2.0718 train_time:265022ms step_avg:110.43ms
step:2600/20000 train_loss:2.1106 train_time:289169ms step_avg:111.22ms
step:2800/20000 train_loss:2.1521 train_time:312225ms step_avg:111.51ms
step:3000/20000 train_loss:2.1504 train_time:332621ms step_avg:110.87ms
step:3000/20000 val_loss:2.0812 val_bpb:1.2326 train_time:332659ms step_avg:110.89ms
step:3200/20000 train_loss:2.1561 train_time:356097ms step_avg:111.28ms
step:3400/20000 train_loss:1.9992 train_time:376784ms step_avg:110.82ms
step:3600/20000 train_loss:2.0738 train_time:400199ms step_avg:111.17ms
step:3800/20000 train_loss:2.0452 train_time:420993ms step_avg:110.79ms
step:4000/20000 train_loss:1.9462 train_time:444434ms step_avg:111.11ms
step:4000/20000 val_loss:2.0354 val_bpb:1.2055 train_time:444472ms step_avg:111.12ms
step:4200/20000 train_loss:2.1181 train_time:468037ms step_avg:111.44ms
step:4400/20000 train_loss:2.0018 train_time:488949ms step_avg:111.12ms
step:4600/20000 train_loss:1.8096 train_time:512553ms step_avg:111.42ms
step:4800/20000 train_loss:2.3950 train_time:533700ms step_avg:111.19ms
step:5000/20000 train_loss:2.0643 train_time:557321ms step_avg:111.46ms
step:5000/20000 val_loss:1.9852 val_bpb:1.1757 train_time:557358ms step_avg:111.47ms
step:5200/20000 train_loss:2.0035 train_time:578228ms step_avg:111.20ms
step:5381/20000 val_loss:1.9702 val_bpb:1.1669 train_time:600064ms step_avg:111.52ms
stopping_early: wallclock_cap train_time:600064ms step:5381/20000
peak memory allocated: 18641 MiB reserved: 18864 MiB
swa: averaging 29 checkpoints
Serialized model: 95550435 bytes
Code size: 55751 bytes
Total submission size: 95606186 bytes
Serialized model int8+zlib: 12476996 bytes (payload:25066816 raw_torch:25115967 payload_ratio:3.81x)
Total submission size int8+zlib: 12532747 bytes
final_int8_zlib_roundtrip val_loss:2.0233 val_bpb:1.1983 eval_time:1980ms eval_seq_len:2048
final_int8_zlib_roundtrip_exact val_loss:2.02327600 val_bpb:1.19829801
final_sliding_window val_loss:1.9853 val_bpb:1.1758 eval_time:187451ms stride:256 seq_len:2048
final_sliding_window_exact val_loss:1.98526460 val_bpb:1.17578552
