W0320 10:28:39.209000 120784 torch/distributed/run.py:803] 
W0320 10:28:39.209000 120784 torch/distributed/run.py:803] *****************************************
W0320 10:28:39.209000 120784 torch/distributed/run.py:803] Setting OMP_NUM_THREADS environment variable for each process to be 1 in default, to avoid your system being overloaded, please further tune the variable for optimal performance in your application as needed. 
W0320 10:28:39.209000 120784 torch/distributed/run.py:803] *****************************************
logs/f5599c23-fb15-435b-8926-e6fcd2766405.txt
val_bpb:enabled tokenizer_kind=sentencepiece tokenizer_path=./data/tokenizers/fineweb_1024_bpe.model
train_loader:dataset:fineweb10B_sp1024 train_shards:80
val_loader:shards pattern=./data/datasets/fineweb10B_sp1024/fineweb_val_*.bin tokens:62021632
model_params:24730705
world_size:8 grad_accum_steps:1
sdp_backends:cudnn=False flash=True mem_efficient=False math=False
attention_mode:gqa num_heads:8 num_kv_heads:4
tie_embeddings:True embed_lr:0.03 head_lr:0.0 matrix_lr:0.02 scalar_lr:0.02
train_batch_tokens:524288 train_seq_len:2048 iterations:20000 warmup_steps:20 max_wallclock_seconds:600.000
seed:1339
warmup_step:1/20
warmup_step:2/20
warmup_step:3/20
warmup_step:4/20
warmup_step:5/20
warmup_step:6/20
warmup_step:7/20
warmup_step:8/20
warmup_step:9/20
warmup_step:10/20
warmup_step:11/20
warmup_step:12/20
warmup_step:13/20
warmup_step:14/20
warmup_step:15/20
warmup_step:16/20
warmup_step:17/20
warmup_step:18/20
warmup_step:19/20
warmup_step:20/20
step:0/20000 val_loss:6.9297 val_bpb:4.1042 train_time:0ms step_avg:0.02ms
step:1/20000 train_loss:6.9308 train_time:118ms step_avg:117.69ms
step:2/20000 train_loss:7.9762 train_time:168ms step_avg:84.07ms
step:3/20000 train_loss:7.4728 train_time:236ms step_avg:78.55ms
step:4/20000 train_loss:7.0216 train_time:304ms step_avg:75.90ms
step:5/20000 train_loss:6.7481 train_time:370ms step_avg:74.01ms
step:6/20000 train_loss:7.7254 train_time:436ms step_avg:72.64ms
step:7/20000 train_loss:6.8029 train_time:504ms step_avg:72.06ms
step:8/20000 train_loss:6.6212 train_time:573ms step_avg:71.64ms
step:9/20000 train_loss:6.3591 train_time:642ms step_avg:71.28ms
step:10/20000 train_loss:6.2028 train_time:711ms step_avg:71.06ms
step:200/20000 train_loss:2.7793 train_time:12624ms step_avg:63.12ms
step:400/20000 train_loss:2.2836 train_time:25234ms step_avg:63.08ms
step:600/20000 train_loss:2.4803 train_time:37896ms step_avg:63.16ms
step:800/20000 train_loss:2.2206 train_time:50545ms step_avg:63.18ms
step:1000/20000 train_loss:2.3237 train_time:63182ms step_avg:63.18ms
step:1000/20000 val_loss:2.2767 val_bpb:1.3484 train_time:63209ms step_avg:63.21ms
step:1200/20000 train_loss:2.3417 train_time:75819ms step_avg:63.18ms
step:1400/20000 train_loss:2.3817 train_time:88450ms step_avg:63.18ms
step:1600/20000 train_loss:2.0483 train_time:101073ms step_avg:63.17ms
step:1800/20000 train_loss:2.1538 train_time:113692ms step_avg:63.16ms
step:2000/20000 train_loss:2.1885 train_time:126350ms step_avg:63.18ms
step:2000/20000 val_loss:2.1746 val_bpb:1.2879 train_time:126378ms step_avg:63.19ms
step:2200/20000 train_loss:2.0101 train_time:139010ms step_avg:63.19ms
step:2400/20000 train_loss:2.1328 train_time:151675ms step_avg:63.20ms
step:2600/20000 train_loss:2.3535 train_time:164325ms step_avg:63.20ms
step:2800/20000 train_loss:2.1657 train_time:176959ms step_avg:63.20ms
step:3000/20000 train_loss:2.1642 train_time:189612ms step_avg:63.20ms
step:3000/20000 val_loss:2.1256 val_bpb:1.2589 train_time:189639ms step_avg:63.21ms
step:3200/20000 train_loss:2.1253 train_time:202277ms step_avg:63.21ms
step:3400/20000 train_loss:2.0956 train_time:214943ms step_avg:63.22ms
step:3600/20000 train_loss:2.0443 train_time:227608ms step_avg:63.22ms
step:3800/20000 train_loss:2.1444 train_time:240270ms step_avg:63.23ms
step:4000/20000 train_loss:2.1106 train_time:252938ms step_avg:63.23ms
step:4000/20000 val_loss:2.1049 val_bpb:1.2466 train_time:252966ms step_avg:63.24ms
step:4200/20000 train_loss:2.1094 train_time:265697ms step_avg:63.26ms
step:4400/20000 train_loss:2.0465 train_time:278351ms step_avg:63.26ms
step:4600/20000 train_loss:1.9138 train_time:291026ms step_avg:63.27ms
step:4800/20000 train_loss:2.2013 train_time:303693ms step_avg:63.27ms
step:5000/20000 train_loss:1.9568 train_time:316328ms step_avg:63.27ms
step:5000/20000 val_loss:2.0938 val_bpb:1.2400 train_time:316355ms step_avg:63.27ms
step:5200/20000 train_loss:2.1150 train_time:328958ms step_avg:63.26ms
step:5400/20000 train_loss:2.1343 train_time:341575ms step_avg:63.25ms
step:5600/20000 train_loss:2.1285 train_time:354191ms step_avg:63.25ms
step:5800/20000 train_loss:2.0816 train_time:366804ms step_avg:63.24ms
step:6000/20000 train_loss:2.1652 train_time:379414ms step_avg:63.24ms
step:6000/20000 val_loss:2.0888 val_bpb:1.2371 train_time:379440ms step_avg:63.24ms
step:6200/20000 train_loss:2.0352 train_time:392030ms step_avg:63.23ms
step:6400/20000 train_loss:2.1087 train_time:404636ms step_avg:63.22ms
step:6600/20000 train_loss:2.0682 train_time:417233ms step_avg:63.22ms
step:6800/20000 train_loss:2.1234 train_time:429827ms step_avg:63.21ms
step:7000/20000 train_loss:2.1625 train_time:442424ms step_avg:63.20ms
step:7000/20000 val_loss:2.0664 val_bpb:1.2238 train_time:442451ms step_avg:63.21ms
step:7200/20000 train_loss:2.1278 train_time:455047ms step_avg:63.20ms
step:7400/20000 train_loss:2.0452 train_time:467664ms step_avg:63.20ms
step:7600/20000 train_loss:1.9176 train_time:480286ms step_avg:63.20ms
step:7800/20000 train_loss:2.0603 train_time:492910ms step_avg:63.19ms
step:8000/20000 train_loss:2.0258 train_time:505541ms step_avg:63.19ms
step:8000/20000 val_loss:2.0263 val_bpb:1.2001 train_time:505568ms step_avg:63.20ms
step:8200/20000 train_loss:2.0946 train_time:518410ms step_avg:63.22ms
step:8400/20000 train_loss:2.0206 train_time:531238ms step_avg:63.24ms
step:8600/20000 train_loss:2.0321 train_time:543989ms step_avg:63.25ms
step:8800/20000 train_loss:1.9792 train_time:556737ms step_avg:63.27ms
step:9000/20000 train_loss:1.8871 train_time:569492ms step_avg:63.28ms
step:9000/20000 val_loss:1.9787 val_bpb:1.1719 train_time:569521ms step_avg:63.28ms
step:9200/20000 train_loss:1.9476 train_time:582285ms step_avg:63.29ms
step:9400/20000 train_loss:1.9727 train_time:595063ms step_avg:63.30ms
step:9477/20000 val_loss:1.9579 val_bpb:1.1596 train_time:599981ms step_avg:63.31ms
stopping_early: wallclock_cap train_time:599981ms step:9477/20000
peak memory allocated: 12681 MiB reserved: 12818 MiB
swa: averaging 30 checkpoints
Serialized model: 96864555 bytes
Code size: 59146 bytes
Total submission size: 96923701 bytes
Serialized model int8+zlib: 15053929 bytes (payload:25732420 raw_torch:25783093 payload_ratio:3.76x)
Total submission size int8+zlib: 15113075 bytes
final_int8_zlib_roundtrip val_loss:1.9744 val_bpb:1.1694 eval_time:2004ms eval_seq_len:2048
final_int8_zlib_roundtrip_exact val_loss:1.97441444 val_bpb:1.16935945
final_sliding_window val_loss:1.9372 val_bpb:1.1473 eval_time:171554ms stride:64 seq_len:2048
final_sliding_window_exact val_loss:1.93715794 val_bpb:1.14729708
