W0320 11:00:08.751000 146845 torch/distributed/run.py:803] 
W0320 11:00:08.751000 146845 torch/distributed/run.py:803] *****************************************
W0320 11:00:08.751000 146845 torch/distributed/run.py:803] Setting OMP_NUM_THREADS environment variable for each process to be 1 in default, to avoid your system being overloaded, please further tune the variable for optimal performance in your application as needed. 
W0320 11:00:08.751000 146845 torch/distributed/run.py:803] *****************************************
logs/ef9923dc-953f-40c5-86c6-c13b437d4017.txt
val_bpb:enabled tokenizer_kind=sentencepiece tokenizer_path=./data/tokenizers/fineweb_1024_bpe.model
train_loader:dataset:fineweb10B_sp1024 train_shards:80
val_loader:shards pattern=./data/datasets/fineweb10B_sp1024/fineweb_val_*.bin tokens:62021632
model_params:25650265
world_size:8 grad_accum_steps:1
sdp_backends:cudnn=False flash=True mem_efficient=False math=False
attention_mode:gqa num_heads:8 num_kv_heads:4
tie_embeddings:True embed_lr:0.03 head_lr:0.0 matrix_lr:0.02 scalar_lr:0.02
train_batch_tokens:524288 train_seq_len:2048 iterations:20000 warmup_steps:20 max_wallclock_seconds:600.000
seed:1337
warmup_step:1/20
warmup_step:2/20
warmup_step:3/20
warmup_step:4/20
warmup_step:5/20
warmup_step:6/20
warmup_step:7/20
warmup_step:8/20
warmup_step:9/20
warmup_step:10/20
warmup_step:11/20
warmup_step:12/20
warmup_step:13/20
warmup_step:14/20
warmup_step:15/20
warmup_step:16/20
warmup_step:17/20
warmup_step:18/20
warmup_step:19/20
warmup_step:20/20
step:0/20000 val_loss:6.9327 val_bpb:4.1059 train_time:0ms step_avg:0.04ms
step:1/20000 train_loss:6.9319 train_time:123ms step_avg:122.58ms
step:2/20000 train_loss:8.0370 train_time:188ms step_avg:93.75ms
step:3/20000 train_loss:7.4763 train_time:262ms step_avg:87.19ms
step:4/20000 train_loss:7.0064 train_time:336ms step_avg:84.00ms
step:5/20000 train_loss:6.7797 train_time:410ms step_avg:82.04ms
step:6/20000 train_loss:7.6439 train_time:483ms step_avg:80.55ms
step:7/20000 train_loss:6.7196 train_time:558ms step_avg:79.65ms
step:8/20000 train_loss:6.5608 train_time:632ms step_avg:78.96ms
step:9/20000 train_loss:6.3720 train_time:705ms step_avg:78.34ms
step:10/20000 train_loss:6.2024 train_time:780ms step_avg:77.99ms
step:200/20000 train_loss:2.7759 train_time:13665ms step_avg:68.32ms
step:400/20000 train_loss:2.2688 train_time:27261ms step_avg:68.15ms
step:600/20000 train_loss:2.4742 train_time:40949ms step_avg:68.25ms
step:800/20000 train_loss:2.2173 train_time:54653ms step_avg:68.32ms
step:1000/20000 train_loss:2.3233 train_time:68344ms step_avg:68.34ms
step:1000/20000 val_loss:2.2722 val_bpb:1.3457 train_time:68365ms step_avg:68.37ms
step:1200/20000 train_loss:2.3388 train_time:81984ms step_avg:68.32ms
step:1400/20000 train_loss:2.3736 train_time:95624ms step_avg:68.30ms
step:1600/20000 train_loss:2.0426 train_time:109265ms step_avg:68.29ms
step:1800/20000 train_loss:2.1431 train_time:122918ms step_avg:68.29ms
step:2000/20000 train_loss:2.1813 train_time:136579ms step_avg:68.29ms
step:2000/20000 val_loss:2.1677 val_bpb:1.2838 train_time:136601ms step_avg:68.30ms
step:2200/20000 train_loss:2.0011 train_time:150237ms step_avg:68.29ms
step:2400/20000 train_loss:2.1292 train_time:163880ms step_avg:68.28ms
step:2600/20000 train_loss:2.3461 train_time:177525ms step_avg:68.28ms
step:2800/20000 train_loss:2.1608 train_time:191169ms step_avg:68.27ms
step:3000/20000 train_loss:2.1532 train_time:204811ms step_avg:68.27ms
step:3000/20000 val_loss:2.1171 val_bpb:1.2539 train_time:204833ms step_avg:68.28ms
step:3200/20000 train_loss:2.1163 train_time:218459ms step_avg:68.27ms
step:3400/20000 train_loss:2.0854 train_time:232097ms step_avg:68.26ms
step:3600/20000 train_loss:2.0292 train_time:245735ms step_avg:68.26ms
step:3800/20000 train_loss:2.1367 train_time:259382ms step_avg:68.26ms
step:4000/20000 train_loss:2.1044 train_time:273048ms step_avg:68.26ms
step:4000/20000 val_loss:2.0960 val_bpb:1.2414 train_time:273069ms step_avg:68.27ms
step:4200/20000 train_loss:2.0984 train_time:286827ms step_avg:68.29ms
step:4400/20000 train_loss:2.0347 train_time:300500ms step_avg:68.30ms
step:4600/20000 train_loss:1.9026 train_time:314184ms step_avg:68.30ms
step:4800/20000 train_loss:2.1847 train_time:327860ms step_avg:68.30ms
step:5000/20000 train_loss:1.9470 train_time:341539ms step_avg:68.31ms
step:5000/20000 val_loss:2.0850 val_bpb:1.2348 train_time:341559ms step_avg:68.31ms
step:5200/20000 train_loss:2.1079 train_time:355218ms step_avg:68.31ms
step:5400/20000 train_loss:2.1213 train_time:368899ms step_avg:68.31ms
step:5600/20000 train_loss:2.1170 train_time:382542ms step_avg:68.31ms
step:5800/20000 train_loss:2.0700 train_time:396167ms step_avg:68.30ms
step:6000/20000 train_loss:2.1508 train_time:409797ms step_avg:68.30ms
step:6000/20000 val_loss:2.0753 val_bpb:1.2291 train_time:409818ms step_avg:68.30ms
step:6200/20000 train_loss:2.0180 train_time:423418ms step_avg:68.29ms
step:6400/20000 train_loss:2.0907 train_time:437037ms step_avg:68.29ms
step:6600/20000 train_loss:2.0381 train_time:450659ms step_avg:68.28ms
step:6800/20000 train_loss:2.0939 train_time:464292ms step_avg:68.28ms
step:7000/20000 train_loss:2.1303 train_time:477946ms step_avg:68.28ms
step:7000/20000 val_loss:2.0346 val_bpb:1.2050 train_time:477966ms step_avg:68.28ms
step:7200/20000 train_loss:2.0923 train_time:491594ms step_avg:68.28ms
step:7400/20000 train_loss:2.0165 train_time:505404ms step_avg:68.30ms
step:7600/20000 train_loss:1.8864 train_time:519215ms step_avg:68.32ms
step:7800/20000 train_loss:2.0237 train_time:532993ms step_avg:68.33ms
step:8000/20000 train_loss:1.9853 train_time:546790ms step_avg:68.35ms
step:8000/20000 val_loss:1.9875 val_bpb:1.1771 train_time:546810ms step_avg:68.35ms
step:8200/20000 train_loss:2.0522 train_time:560591ms step_avg:68.36ms
step:8400/20000 train_loss:1.9830 train_time:574534ms step_avg:68.40ms
step:8600/20000 train_loss:1.9847 train_time:588368ms step_avg:68.41ms
step:8768/20000 val_loss:1.9512 val_bpb:1.1556 train_time:599951ms step_avg:68.43ms
stopping_early: wallclock_cap train_time:599951ms step:8768/20000
peak memory allocated: 13613 MiB reserved: 13932 MiB
swa: averaging 30 checkpoints
Serialized model: 100546495 bytes
Code size: 59227 bytes
Total submission size: 100605722 bytes
Serialized model int8+zlib: 15647952 bytes (payload:26662500 raw_torch:26718101 payload_ratio:3.77x)
Total submission size int8+zlib: 15707179 bytes
final_int8_zlib_roundtrip val_loss:1.9676 val_bpb:1.1653 eval_time:2133ms eval_seq_len:2048
final_int8_zlib_roundtrip_exact val_loss:1.96755992 val_bpb:1.16529981
final_sliding_window val_loss:1.9301 val_bpb:1.1431 eval_time:183329ms stride:64 seq_len:2048
final_sliding_window_exact val_loss:1.93011490 val_bpb:1.14312579
