W0320 17:36:59.747000 335278 torch/distributed/run.py:803] 
W0320 17:36:59.747000 335278 torch/distributed/run.py:803] *****************************************
W0320 17:36:59.747000 335278 torch/distributed/run.py:803] Setting OMP_NUM_THREADS environment variable for each process to be 1 in default, to avoid your system being overloaded, please further tune the variable for optimal performance in your application as needed. 
W0320 17:36:59.747000 335278 torch/distributed/run.py:803] *****************************************
logs/1bd65686-c9d7-43da-9643-e208bbf94696.txt
val_bpb:enabled tokenizer_kind=sentencepiece tokenizer_path=./data/tokenizers/fineweb_1024_bpe.model
train_loader:dataset:fineweb10B_sp1024 train_shards:80
val_loader:shards pattern=./data/datasets/fineweb10B_sp1024/fineweb_val_*.bin tokens:62021632
model_params:26829913
world_size:8 grad_accum_steps:1
sdp_backends:cudnn=False flash=True mem_efficient=False math=False
attention_mode:gqa num_heads:8 num_kv_heads:4
tie_embeddings:True embed_lr:0.035 head_lr:0.0 matrix_lr:0.025 scalar_lr:0.025
train_batch_tokens:524288 train_seq_len:2048 iterations:20000 warmup_steps:20 max_wallclock_seconds:600.000
seed:1337
warmup_step:1/20
warmup_step:2/20
warmup_step:3/20
warmup_step:4/20
warmup_step:5/20
warmup_step:6/20
warmup_step:7/20
warmup_step:8/20
warmup_step:9/20
warmup_step:10/20
warmup_step:11/20
warmup_step:12/20
warmup_step:13/20
warmup_step:14/20
warmup_step:15/20
warmup_step:16/20
warmup_step:17/20
warmup_step:18/20
warmup_step:19/20
warmup_step:20/20
step:0/20000 val_loss:6.9303 val_bpb:4.1045 train_time:0ms step_avg:0.02ms
step:1/20000 train_loss:6.9315 train_time:123ms step_avg:122.56ms
step:2/20000 train_loss:8.6361 train_time:181ms step_avg:90.40ms
step:3/20000 train_loss:7.8458 train_time:252ms step_avg:84.11ms
step:4/20000 train_loss:7.3984 train_time:324ms step_avg:81.12ms
step:5/20000 train_loss:7.0357 train_time:397ms step_avg:79.35ms
step:6/20000 train_loss:7.9154 train_time:469ms step_avg:78.25ms
step:7/20000 train_loss:6.9214 train_time:542ms step_avg:77.45ms
step:8/20000 train_loss:6.7483 train_time:614ms step_avg:76.76ms
step:9/20000 train_loss:6.4218 train_time:687ms step_avg:76.33ms
step:10/20000 train_loss:6.2243 train_time:759ms step_avg:75.95ms
step:200/20000 train_loss:2.7681 train_time:13464ms step_avg:67.32ms
step:400/20000 train_loss:2.2603 train_time:26860ms step_avg:67.15ms
step:600/20000 train_loss:2.4667 train_time:40266ms step_avg:67.11ms
step:800/20000 train_loss:2.2252 train_time:53711ms step_avg:67.14ms
step:1000/20000 train_loss:2.3181 train_time:67152ms step_avg:67.15ms
step:1000/20000 val_loss:2.2710 val_bpb:1.3450 train_time:67175ms step_avg:67.18ms
step:1200/20000 train_loss:2.3426 train_time:80582ms step_avg:67.15ms
step:1400/20000 train_loss:2.3732 train_time:94003ms step_avg:67.14ms
step:1600/20000 train_loss:2.0506 train_time:107441ms step_avg:67.15ms
step:1800/20000 train_loss:2.1473 train_time:120878ms step_avg:67.15ms
step:2000/20000 train_loss:2.1941 train_time:134303ms step_avg:67.15ms
step:2000/20000 val_loss:2.1732 val_bpb:1.2871 train_time:134325ms step_avg:67.16ms
step:2200/20000 train_loss:2.0112 train_time:147701ms step_avg:67.14ms
step:2400/20000 train_loss:2.1364 train_time:161078ms step_avg:67.12ms
step:2600/20000 train_loss:2.3632 train_time:174509ms step_avg:67.12ms
step:2800/20000 train_loss:2.1767 train_time:187940ms step_avg:67.12ms
step:3000/20000 train_loss:2.1695 train_time:201359ms step_avg:67.12ms
step:3000/20000 val_loss:2.1320 val_bpb:1.2627 train_time:201382ms step_avg:67.13ms
step:3200/20000 train_loss:2.1292 train_time:214784ms step_avg:67.12ms
step:3400/20000 train_loss:2.1059 train_time:228208ms step_avg:67.12ms
step:3600/20000 train_loss:2.0457 train_time:241638ms step_avg:67.12ms
step:3800/20000 train_loss:2.1484 train_time:255043ms step_avg:67.12ms
step:4000/20000 train_loss:2.1239 train_time:268442ms step_avg:67.11ms
step:4000/20000 val_loss:2.1138 val_bpb:1.2519 train_time:268465ms step_avg:67.12ms
step:4200/20000 train_loss:2.1188 train_time:281933ms step_avg:67.13ms
step:4400/20000 train_loss:2.0554 train_time:295328ms step_avg:67.12ms
step:4600/20000 train_loss:1.9199 train_time:308718ms step_avg:67.11ms
step:4800/20000 train_loss:2.2087 train_time:322132ms step_avg:67.11ms
step:5000/20000 train_loss:1.9639 train_time:335550ms step_avg:67.11ms
step:5000/20000 val_loss:2.1042 val_bpb:1.2462 train_time:335575ms step_avg:67.11ms
step:5200/20000 train_loss:2.1290 train_time:348912ms step_avg:67.10ms
step:5400/20000 train_loss:2.1470 train_time:362262ms step_avg:67.09ms
step:5600/20000 train_loss:2.1368 train_time:375606ms step_avg:67.07ms
step:5800/20000 train_loss:2.0926 train_time:388952ms step_avg:67.06ms
step:6000/20000 train_loss:2.1728 train_time:402304ms step_avg:67.05ms
step:6000/20000 val_loss:2.0998 val_bpb:1.2436 train_time:402326ms step_avg:67.05ms
step:6200/20000 train_loss:2.0448 train_time:415658ms step_avg:67.04ms
step:6400/20000 train_loss:2.1322 train_time:429030ms step_avg:67.04ms
step:6600/20000 train_loss:2.0749 train_time:442402ms step_avg:67.03ms
step:6800/20000 train_loss:2.1286 train_time:455775ms step_avg:67.03ms
step:7000/20000 train_loss:2.1652 train_time:469170ms step_avg:67.02ms
step:7000/20000 val_loss:2.0698 val_bpb:1.2259 train_time:469192ms step_avg:67.03ms
step:7200/20000 train_loss:2.1339 train_time:482561ms step_avg:67.02ms
step:7400/20000 train_loss:2.0444 train_time:495942ms step_avg:67.02ms
step:7600/20000 train_loss:1.9100 train_time:509320ms step_avg:67.02ms
step:7800/20000 train_loss:2.0520 train_time:522705ms step_avg:67.01ms
step:8000/20000 train_loss:2.0109 train_time:536211ms step_avg:67.03ms
step:8000/20000 val_loss:2.0129 val_bpb:1.1921 train_time:536234ms step_avg:67.03ms
step:8200/20000 train_loss:2.0708 train_time:549674ms step_avg:67.03ms
step:8400/20000 train_loss:2.0044 train_time:563251ms step_avg:67.05ms
step:8600/20000 train_loss:1.9995 train_time:576750ms step_avg:67.06ms
step:8800/20000 train_loss:1.9459 train_time:590220ms step_avg:67.07ms
step:8946/20000 val_loss:1.9501 val_bpb:1.1550 train_time:600007ms step_avg:67.07ms
stopping_early: wallclock_cap train_time:600007ms step:8946/20000
peak memory allocated: 13958 MiB reserved: 14100 MiB
swa: averaging 6 checkpoints
Serialized model: 105789375 bytes
Code size: 59624 bytes
Total submission size: 105848999 bytes
Serialized model int8+zlib: 15707681 bytes (payload:27057508 raw_torch:27113999 payload_ratio:3.91x)
Total submission size int8+zlib: 15767305 bytes
final_int8_zlib_roundtrip val_loss:1.9672 val_bpb:1.1651 eval_time:2115ms eval_seq_len:2048
final_int8_zlib_roundtrip_exact val_loss:1.96718865 val_bpb:1.16507992
final_sliding_window val_loss:1.9295 val_bpb:1.1427 eval_time:185920ms stride:64 seq_len:2048
final_sliding_window_exact val_loss:1.92946085 val_bpb:1.14273842
