W0321 04:08:06.750000 412146 torch/distributed/run.py:803] 
W0321 04:08:06.750000 412146 torch/distributed/run.py:803] *****************************************
W0321 04:08:06.750000 412146 torch/distributed/run.py:803] Setting OMP_NUM_THREADS environment variable for each process to be 1 in default, to avoid your system being overloaded, please further tune the variable for optimal performance in your application as needed. 
W0321 04:08:06.750000 412146 torch/distributed/run.py:803] *****************************************
logs/0814a4d0-c899-4376-8bff-0c3de612be44.txt
val_bpb:enabled tokenizer_kind=sentencepiece tokenizer_path=./data/tokenizers/fineweb_1024_bpe.model
train_loader:dataset:fineweb10B_sp1024 train_shards:80
val_loader:shards pattern=./data/datasets/fineweb10B_sp1024/fineweb_val_*.bin tokens:62021632
model_params:26829913
world_size:8 grad_accum_steps:1
sdp_backends:cudnn=False flash=True mem_efficient=False math=False
attention_mode:gqa num_heads:8 num_kv_heads:4
tie_embeddings:True embed_lr:0.035 head_lr:0.0 matrix_lr:0.025 scalar_lr:0.025
train_batch_tokens:524288 train_seq_len:2048 iterations:20000 warmup_steps:20 max_wallclock_seconds:600.000
seed:1339
warmup_step:1/20
warmup_step:2/20
warmup_step:3/20
warmup_step:4/20
warmup_step:5/20
warmup_step:6/20
warmup_step:7/20
warmup_step:8/20
warmup_step:9/20
warmup_step:10/20
warmup_step:11/20
warmup_step:12/20
warmup_step:13/20
warmup_step:14/20
warmup_step:15/20
warmup_step:16/20
warmup_step:17/20
warmup_step:18/20
warmup_step:19/20
warmup_step:20/20
step:0/20000 val_loss:6.9303 val_bpb:4.1045 train_time:0ms step_avg:0.01ms
step:1/20000 train_loss:6.9314 train_time:128ms step_avg:127.86ms
step:2/20000 train_loss:8.5146 train_time:223ms step_avg:111.52ms
step:3/20000 train_loss:7.7003 train_time:299ms step_avg:99.63ms
step:4/20000 train_loss:7.3735 train_time:374ms step_avg:93.58ms
step:5/20000 train_loss:6.9837 train_time:450ms step_avg:89.93ms
step:6/20000 train_loss:7.8663 train_time:528ms step_avg:88.01ms
step:7/20000 train_loss:6.9398 train_time:603ms step_avg:86.11ms
step:8/20000 train_loss:6.7518 train_time:678ms step_avg:84.76ms
step:9/20000 train_loss:6.5044 train_time:753ms step_avg:83.71ms
step:10/20000 train_loss:6.3507 train_time:828ms step_avg:82.84ms
step:200/20000 train_loss:2.7327 train_time:13908ms step_avg:69.54ms
step:400/20000 train_loss:2.2434 train_time:27692ms step_avg:69.23ms
step:600/20000 train_loss:2.4471 train_time:41510ms step_avg:69.18ms
step:800/20000 train_loss:2.2056 train_time:55405ms step_avg:69.26ms
step:1000/20000 train_loss:2.3106 train_time:69320ms step_avg:69.32ms
step:1000/20000 val_loss:2.2607 val_bpb:1.3389 train_time:69336ms step_avg:69.34ms
step:1200/20000 train_loss:2.3329 train_time:83147ms step_avg:69.29ms
step:1400/20000 train_loss:2.3722 train_time:96968ms step_avg:69.26ms
step:1600/20000 train_loss:2.0394 train_time:110782ms step_avg:69.24ms
step:1800/20000 train_loss:2.1470 train_time:124606ms step_avg:69.23ms
step:2000/20000 train_loss:2.1830 train_time:138420ms step_avg:69.21ms
step:2000/20000 val_loss:2.1668 val_bpb:1.2833 train_time:138433ms step_avg:69.22ms
step:2200/20000 train_loss:2.0076 train_time:152245ms step_avg:69.20ms
step:2400/20000 train_loss:2.1296 train_time:166084ms step_avg:69.20ms
step:2600/20000 train_loss:2.3638 train_time:179934ms step_avg:69.21ms
step:2800/20000 train_loss:2.1705 train_time:193786ms step_avg:69.21ms
step:3000/20000 train_loss:2.1567 train_time:207633ms step_avg:69.21ms
step:3000/20000 val_loss:2.1274 val_bpb:1.2600 train_time:207650ms step_avg:69.22ms
step:3200/20000 train_loss:2.1271 train_time:221478ms step_avg:69.21ms
step:3400/20000 train_loss:2.0991 train_time:235315ms step_avg:69.21ms
step:3600/20000 train_loss:2.0453 train_time:249163ms step_avg:69.21ms
step:3800/20000 train_loss:2.1465 train_time:262991ms step_avg:69.21ms
step:4000/20000 train_loss:2.1136 train_time:276829ms step_avg:69.21ms
step:4000/20000 val_loss:2.1092 val_bpb:1.2492 train_time:276847ms step_avg:69.21ms
step:4200/20000 train_loss:2.1167 train_time:290729ms step_avg:69.22ms
step:4400/20000 train_loss:2.0550 train_time:304549ms step_avg:69.22ms
step:4600/20000 train_loss:1.9182 train_time:318368ms step_avg:69.21ms
step:4800/20000 train_loss:2.2041 train_time:332186ms step_avg:69.21ms
step:5000/20000 train_loss:1.9632 train_time:346008ms step_avg:69.20ms
step:5000/20000 val_loss:2.1005 val_bpb:1.2441 train_time:346021ms step_avg:69.20ms
step:5200/20000 train_loss:2.1233 train_time:359842ms step_avg:69.20ms
step:5400/20000 train_loss:2.1358 train_time:373682ms step_avg:69.20ms
step:5600/20000 train_loss:2.1332 train_time:387533ms step_avg:69.20ms
step:5800/20000 train_loss:2.0822 train_time:401419ms step_avg:69.21ms
step:6000/20000 train_loss:2.1646 train_time:415283ms step_avg:69.21ms
step:6000/20000 val_loss:2.0870 val_bpb:1.2360 train_time:415294ms step_avg:69.22ms
step:6200/20000 train_loss:2.0289 train_time:429144ms step_avg:69.22ms
step:6400/20000 train_loss:2.1000 train_time:443011ms step_avg:69.22ms
step:6600/20000 train_loss:2.0446 train_time:456864ms step_avg:69.22ms
step:6800/20000 train_loss:2.1028 train_time:470718ms step_avg:69.22ms
step:7000/20000 train_loss:2.1352 train_time:484579ms step_avg:69.23ms
step:7000/20000 val_loss:2.0404 val_bpb:1.2084 train_time:484594ms step_avg:69.23ms
step:7200/20000 train_loss:2.1038 train_time:498441ms step_avg:69.23ms
step:7400/20000 train_loss:2.0187 train_time:512317ms step_avg:69.23ms
step:7600/20000 train_loss:1.8827 train_time:526181ms step_avg:69.23ms
step:7800/20000 train_loss:2.0208 train_time:540050ms step_avg:69.24ms
step:8000/20000 train_loss:1.9811 train_time:553910ms step_avg:69.24ms
step:8000/20000 val_loss:1.9837 val_bpb:1.1748 train_time:553923ms step_avg:69.24ms
step:8200/20000 train_loss:2.0435 train_time:567758ms step_avg:69.24ms
step:8400/20000 train_loss:1.9749 train_time:581713ms step_avg:69.25ms
step:8600/20000 train_loss:1.9772 train_time:595566ms step_avg:69.25ms
step:8664/20000 val_loss:1.9450 val_bpb:1.1519 train_time:599974ms step_avg:69.25ms
stopping_early: wallclock_cap train_time:599974ms step:8664/20000
peak memory allocated: 14328 MiB reserved: 14392 MiB
ema: loading EMA weights (decay=0.997)
Serialized model: 105789375 bytes
Code size: 61617 bytes
Total submission size: 105850992 bytes
Serialized model int8+zlib: 15519998 bytes (payload:27057508 raw_torch:27113999 payload_ratio:3.91x)
Total submission size int8+zlib: 15581615 bytes
final_int8_zlib_roundtrip val_loss:1.9544 val_bpb:1.1575 eval_time:2139ms eval_seq_len:2048
final_int8_zlib_roundtrip_exact val_loss:1.95440193 val_bpb:1.15750691
final_sliding_window val_loss:1.9176 val_bpb:1.1357 eval_time:200856ms stride:64 seq_len:2048
final_sliding_window_exact val_loss:1.91756117 val_bpb:1.13569074
