W0321 03:35:06.198000 395817 torch/distributed/run.py:803] 
W0321 03:35:06.198000 395817 torch/distributed/run.py:803] *****************************************
W0321 03:35:06.198000 395817 torch/distributed/run.py:803] Setting OMP_NUM_THREADS environment variable for each process to be 1 in default, to avoid your system being overloaded, please further tune the variable for optimal performance in your application as needed. 
W0321 03:35:06.198000 395817 torch/distributed/run.py:803] *****************************************
logs/8feeb5df-9331-4489-abce-b1fce8e7d935.txt
val_bpb:enabled tokenizer_kind=sentencepiece tokenizer_path=./data/tokenizers/fineweb_1024_bpe.model
train_loader:dataset:fineweb10B_sp1024 train_shards:80
val_loader:shards pattern=./data/datasets/fineweb10B_sp1024/fineweb_val_*.bin tokens:62021632
model_params:26829913
world_size:8 grad_accum_steps:1
sdp_backends:cudnn=False flash=True mem_efficient=False math=False
attention_mode:gqa num_heads:8 num_kv_heads:4
tie_embeddings:True embed_lr:0.035 head_lr:0.0 matrix_lr:0.025 scalar_lr:0.025
train_batch_tokens:524288 train_seq_len:2048 iterations:20000 warmup_steps:20 max_wallclock_seconds:600.000
seed:1337
warmup_step:1/20
warmup_step:2/20
warmup_step:3/20
warmup_step:4/20
warmup_step:5/20
warmup_step:6/20
warmup_step:7/20
warmup_step:8/20
warmup_step:9/20
warmup_step:10/20
warmup_step:11/20
warmup_step:12/20
warmup_step:13/20
warmup_step:14/20
warmup_step:15/20
warmup_step:16/20
warmup_step:17/20
warmup_step:18/20
warmup_step:19/20
warmup_step:20/20
step:0/20000 val_loss:6.9303 val_bpb:4.1045 train_time:0ms step_avg:0.01ms
step:1/20000 train_loss:6.9315 train_time:133ms step_avg:132.71ms
step:2/20000 train_loss:8.6416 train_time:220ms step_avg:110.01ms
step:3/20000 train_loss:7.8408 train_time:294ms step_avg:98.03ms
step:4/20000 train_loss:7.3868 train_time:369ms step_avg:92.28ms
step:5/20000 train_loss:7.0251 train_time:445ms step_avg:88.92ms
step:6/20000 train_loss:7.9003 train_time:518ms step_avg:86.34ms
step:7/20000 train_loss:6.9019 train_time:592ms step_avg:84.50ms
step:8/20000 train_loss:6.7359 train_time:666ms step_avg:83.23ms
step:9/20000 train_loss:6.4143 train_time:740ms step_avg:82.19ms
step:10/20000 train_loss:6.2020 train_time:813ms step_avg:81.26ms
step:200/20000 train_loss:2.7618 train_time:13875ms step_avg:69.38ms
step:400/20000 train_loss:2.2468 train_time:27662ms step_avg:69.16ms
step:600/20000 train_loss:2.4516 train_time:41481ms step_avg:69.13ms
step:800/20000 train_loss:2.2092 train_time:55346ms step_avg:69.18ms
step:1000/20000 train_loss:2.3104 train_time:69205ms step_avg:69.21ms
step:1000/20000 val_loss:2.2627 val_bpb:1.3401 train_time:69218ms step_avg:69.22ms
step:1200/20000 train_loss:2.3334 train_time:83064ms step_avg:69.22ms
step:1400/20000 train_loss:2.3703 train_time:96918ms step_avg:69.23ms
step:1600/20000 train_loss:2.0436 train_time:110787ms step_avg:69.24ms
step:1800/20000 train_loss:2.1447 train_time:124645ms step_avg:69.25ms
step:2000/20000 train_loss:2.1870 train_time:138525ms step_avg:69.26ms
step:2000/20000 val_loss:2.1675 val_bpb:1.2837 train_time:138538ms step_avg:69.27ms
step:2200/20000 train_loss:2.0011 train_time:152406ms step_avg:69.28ms
step:2400/20000 train_loss:2.1334 train_time:166297ms step_avg:69.29ms
step:2600/20000 train_loss:2.3637 train_time:180160ms step_avg:69.29ms
step:2800/20000 train_loss:2.1707 train_time:193977ms step_avg:69.28ms
step:3000/20000 train_loss:2.1580 train_time:207810ms step_avg:69.27ms
step:3000/20000 val_loss:2.1271 val_bpb:1.2598 train_time:207824ms step_avg:69.27ms
step:3200/20000 train_loss:2.1238 train_time:221608ms step_avg:69.25ms
step:3400/20000 train_loss:2.1001 train_time:235408ms step_avg:69.24ms
step:3600/20000 train_loss:2.0388 train_time:249201ms step_avg:69.22ms
step:3800/20000 train_loss:2.1502 train_time:262995ms step_avg:69.21ms
step:4000/20000 train_loss:2.1142 train_time:276788ms step_avg:69.20ms
step:4000/20000 val_loss:2.1095 val_bpb:1.2493 train_time:276801ms step_avg:69.20ms
step:4200/20000 train_loss:2.1138 train_time:290685ms step_avg:69.21ms
step:4400/20000 train_loss:2.0515 train_time:304490ms step_avg:69.20ms
step:4600/20000 train_loss:1.9133 train_time:318313ms step_avg:69.20ms
step:4800/20000 train_loss:2.2063 train_time:332133ms step_avg:69.19ms
step:5000/20000 train_loss:1.9649 train_time:345959ms step_avg:69.19ms
step:5000/20000 val_loss:2.0994 val_bpb:1.2434 train_time:345972ms step_avg:69.19ms
step:5200/20000 train_loss:2.1199 train_time:359785ms step_avg:69.19ms
step:5400/20000 train_loss:2.1425 train_time:373602ms step_avg:69.19ms
step:5600/20000 train_loss:2.1314 train_time:387429ms step_avg:69.18ms
step:5800/20000 train_loss:2.0862 train_time:401281ms step_avg:69.19ms
step:6000/20000 train_loss:2.1642 train_time:415135ms step_avg:69.19ms
step:6000/20000 val_loss:2.0871 val_bpb:1.2361 train_time:415148ms step_avg:69.19ms
step:6200/20000 train_loss:2.0257 train_time:428927ms step_avg:69.18ms
step:6400/20000 train_loss:2.0991 train_time:442704ms step_avg:69.17ms
step:6600/20000 train_loss:2.0436 train_time:456509ms step_avg:69.17ms
step:6800/20000 train_loss:2.0971 train_time:470352ms step_avg:69.17ms
step:7000/20000 train_loss:2.1403 train_time:484208ms step_avg:69.17ms
step:7000/20000 val_loss:2.0410 val_bpb:1.2088 train_time:484220ms step_avg:69.17ms
step:7200/20000 train_loss:2.0999 train_time:498066ms step_avg:69.18ms
step:7400/20000 train_loss:2.0197 train_time:511942ms step_avg:69.18ms
step:7600/20000 train_loss:1.8848 train_time:525820ms step_avg:69.19ms
step:7800/20000 train_loss:2.0190 train_time:539661ms step_avg:69.19ms
step:8000/20000 train_loss:1.9800 train_time:553511ms step_avg:69.19ms
step:8000/20000 val_loss:1.9836 val_bpb:1.1748 train_time:553529ms step_avg:69.19ms
step:8200/20000 train_loss:2.0410 train_time:567377ms step_avg:69.19ms
step:8400/20000 train_loss:1.9757 train_time:581325ms step_avg:69.21ms
step:8600/20000 train_loss:1.9802 train_time:595163ms step_avg:69.21ms
step:8670/20000 val_loss:1.9447 val_bpb:1.1518 train_time:599969ms step_avg:69.20ms
stopping_early: wallclock_cap train_time:599969ms step:8670/20000
peak memory allocated: 14327 MiB reserved: 14424 MiB
ema: loading EMA weights (decay=0.997)
Serialized model: 105789375 bytes
Code size: 61617 bytes
Total submission size: 105850992 bytes
Serialized model int8+zlib: 15454162 bytes (payload:27057508 raw_torch:27113999 payload_ratio:3.91x)
Total submission size int8+zlib: 15515779 bytes
final_int8_zlib_roundtrip val_loss:1.9540 val_bpb:1.1573 eval_time:2147ms eval_seq_len:2048
final_int8_zlib_roundtrip_exact val_loss:1.95401241 val_bpb:1.15727621
final_sliding_window val_loss:1.9170 val_bpb:1.1354 eval_time:201382ms stride:64 seq_len:2048
final_sliding_window_exact val_loss:1.91703187 val_bpb:1.13537726
